Component: ARM Compiler 5.06 update 7 (build 960) Tool: armlink [4d3601]

==============================================================================

Section Cross References

    startup_stm32f10x_md.o(STACK) refers (Special) to heapauxi.o(.text) for __use_two_region_memory
    startup_stm32f10x_md.o(HEAP) refers (Special) to heapauxi.o(.text) for __use_two_region_memory
    startup_stm32f10x_md.o(RESET) refers (Special) to heapauxi.o(.text) for __use_two_region_memory
    startup_stm32f10x_md.o(RESET) refers to startup_stm32f10x_md.o(STACK) for __initial_sp
    startup_stm32f10x_md.o(RESET) refers to startup_stm32f10x_md.o(.text) for Reset_Handler
    startup_stm32f10x_md.o(RESET) refers to stm32f10x_it.o(i.NMI_Handler) for NMI_Handler
    startup_stm32f10x_md.o(RESET) refers to stm32f10x_it.o(i.HardFault_Handler) for HardFault_Handler
    startup_stm32f10x_md.o(RESET) refers to stm32f10x_it.o(i.MemManage_Handler) for MemManage_Handler
    startup_stm32f10x_md.o(RESET) refers to stm32f10x_it.o(i.BusFault_Handler) for BusFault_Handler
    startup_stm32f10x_md.o(RESET) refers to stm32f10x_it.o(i.UsageFault_Handler) for UsageFault_Handler
    startup_stm32f10x_md.o(RESET) refers to stm32f10x_it.o(i.SVC_Handler) for SVC_Handler
    startup_stm32f10x_md.o(RESET) refers to stm32f10x_it.o(i.DebugMon_Handler) for DebugMon_Handler
    startup_stm32f10x_md.o(RESET) refers to stm32f10x_it.o(i.PendSV_Handler) for PendSV_Handler
    startup_stm32f10x_md.o(RESET) refers to stm32f10x_it.o(i.SysTick_Handler) for SysTick_Handler
    startup_stm32f10x_md.o(RESET) refers to stm32f10x_it.o(i.DMA1_Channel2_IRQHandler) for DMA1_Channel2_IRQHandler
    startup_stm32f10x_md.o(RESET) refers to stm32f10x_it.o(i.TIM1_UP_IRQHandler) for TIM1_UP_IRQHandler
    startup_stm32f10x_md.o(RESET) refers to stm32f10x_it.o(i.USART1_IRQHandler) for USART1_IRQHandler
    startup_stm32f10x_md.o(.text) refers (Special) to heapauxi.o(.text) for __use_two_region_memory
    startup_stm32f10x_md.o(.text) refers to system_stm32f10x.o(i.SystemInit) for SystemInit
    startup_stm32f10x_md.o(.text) refers to __main.o(!!!main) for __main
    startup_stm32f10x_md.o(.text) refers to startup_stm32f10x_md.o(HEAP) for Heap_Mem
    startup_stm32f10x_md.o(.text) refers to startup_stm32f10x_md.o(STACK) for Stack_Mem
    stm32f10x_adc.o(i.ADC_DeInit) refers to stm32f10x_rcc.o(i.RCC_APB2PeriphResetCmd) for RCC_APB2PeriphResetCmd
    stm32f10x_bkp.o(i.BKP_DeInit) refers to stm32f10x_rcc.o(i.RCC_BackupResetCmd) for RCC_BackupResetCmd
    stm32f10x_can.o(i.CAN_DeInit) refers to stm32f10x_rcc.o(i.RCC_APB1PeriphResetCmd) for RCC_APB1PeriphResetCmd
    stm32f10x_can.o(i.CAN_GetITStatus) refers to stm32f10x_can.o(i.CheckITStatus) for CheckITStatus
    stm32f10x_cec.o(i.CEC_DeInit) refers to stm32f10x_rcc.o(i.RCC_APB1PeriphResetCmd) for RCC_APB1PeriphResetCmd
    stm32f10x_dac.o(i.DAC_DeInit) refers to stm32f10x_rcc.o(i.RCC_APB1PeriphResetCmd) for RCC_APB1PeriphResetCmd
    stm32f10x_flash.o(i.FLASH_EnableWriteProtection) refers to stm32f10x_flash.o(i.FLASH_WaitForLastOperation) for FLASH_WaitForLastOperation
    stm32f10x_flash.o(i.FLASH_EraseAllBank1Pages) refers to stm32f10x_flash.o(i.FLASH_WaitForLastBank1Operation) for FLASH_WaitForLastBank1Operation
    stm32f10x_flash.o(i.FLASH_EraseAllPages) refers to stm32f10x_flash.o(i.FLASH_WaitForLastOperation) for FLASH_WaitForLastOperation
    stm32f10x_flash.o(i.FLASH_EraseOptionBytes) refers to stm32f10x_flash.o(i.FLASH_GetReadOutProtectionStatus) for FLASH_GetReadOutProtectionStatus
    stm32f10x_flash.o(i.FLASH_EraseOptionBytes) refers to stm32f10x_flash.o(i.FLASH_WaitForLastOperation) for FLASH_WaitForLastOperation
    stm32f10x_flash.o(i.FLASH_ErasePage) refers to stm32f10x_flash.o(i.FLASH_WaitForLastOperation) for FLASH_WaitForLastOperation
    stm32f10x_flash.o(i.FLASH_ProgramHalfWord) refers to stm32f10x_flash.o(i.FLASH_WaitForLastOperation) for FLASH_WaitForLastOperation
    stm32f10x_flash.o(i.FLASH_ProgramOptionByteData) refers to stm32f10x_flash.o(i.FLASH_WaitForLastOperation) for FLASH_WaitForLastOperation
    stm32f10x_flash.o(i.FLASH_ProgramWord) refers to stm32f10x_flash.o(i.FLASH_WaitForLastOperation) for FLASH_WaitForLastOperation
    stm32f10x_flash.o(i.FLASH_ReadOutProtection) refers to stm32f10x_flash.o(i.FLASH_WaitForLastOperation) for FLASH_WaitForLastOperation
    stm32f10x_flash.o(i.FLASH_UserOptionByteConfig) refers to stm32f10x_flash.o(i.FLASH_WaitForLastOperation) for FLASH_WaitForLastOperation
    stm32f10x_flash.o(i.FLASH_WaitForLastBank1Operation) refers to stm32f10x_flash.o(i.FLASH_GetBank1Status) for FLASH_GetBank1Status
    stm32f10x_flash.o(i.FLASH_WaitForLastOperation) refers to stm32f10x_flash.o(i.FLASH_GetBank1Status) for FLASH_GetBank1Status
    stm32f10x_gpio.o(i.GPIO_AFIODeInit) refers to stm32f10x_rcc.o(i.RCC_APB2PeriphResetCmd) for RCC_APB2PeriphResetCmd
    stm32f10x_gpio.o(i.GPIO_DeInit) refers to stm32f10x_rcc.o(i.RCC_APB2PeriphResetCmd) for RCC_APB2PeriphResetCmd
[...]
    Removing stm32f10x_sdio.o(i.SDIO_StructInit), (16 bytes).
    Removing stm32f10x_sdio.o(i.SDIO_WriteData), (12 bytes).
    Removing stm32f10x_spi.o(i.I2S_Cmd), (24 bytes).
    Removing stm32f10x_spi.o(i.I2S_Init), (232 bytes).
    Removing stm32f10x_spi.o(i.I2S_StructInit), (20 bytes).
    Removing stm32f10x_spi.o(i.SPI_BiDirectionalLineConfig), (28 bytes).
    Removing stm32f10x_spi.o(i.SPI_CalculateCRC), (24 bytes).
    Removing stm32f10x_spi.o(i.SPI_DataSizeConfig), (18 bytes).
    Removing stm32f10x_spi.o(i.SPI_GetCRC), (16 bytes).
    Removing stm32f10x_spi.o(i.SPI_GetCRCPolynomial), (6 bytes).
    Removing stm32f10x_spi.o(i.SPI_I2S_ClearFlag), (6 bytes).
    Removing stm32f10x_spi.o(i.SPI_I2S_ClearITPendingBit), (20 bytes).
    Removing stm32f10x_spi.o(i.SPI_I2S_DMACmd), (18 bytes).
    Removing stm32f10x_spi.o(i.SPI_I2S_DeInit), (88 bytes).
    Removing stm32f10x_spi.o(i.SPI_I2S_GetITStatus), (52 bytes).
    Removing stm32f10x_spi.o(i.SPI_I2S_ITConfig), (32 bytes).
    Removing stm32f10x_spi.o(i.SPI_NSSInternalSoftwareConfig), (30 bytes).
    Removing stm32f10x_spi.o(i.SPI_SSOutputCmd), (24 bytes).
    Removing stm32f10x_spi.o(i.SPI_StructInit), (24 bytes).
    Removing stm32f10x_spi.o(i.SPI_TransmitCRC), (10 bytes).
    Removing stm32f10x_tim.o(i.TI1_Config), (128 bytes).
    Removing stm32f10x_tim.o(i.TI2_Config), (152 bytes).
    Removing stm32f10x_tim.o(i.TI3_Config), (144 bytes).
    Removing stm32f10x_tim.o(i.TI4_Config), (152 bytes).
    Removing stm32f10x_tim.o(i.TIM_ARRPreloadConfig), (24 bytes).
    Removing stm32f10x_tim.o(i.TIM_BDTRConfig), (32 bytes).
    Removing stm32f10x_tim.o(i.TIM_BDTRStructInit), (18 bytes).
    Removing stm32f10x_tim.o(i.TIM_CCPreloadControl), (24 bytes).
    Removing stm32f10x_tim.o(i.TIM_CCxCmd), (30 bytes).
    Removing stm32f10x_tim.o(i.TIM_CCxNCmd), (30 bytes).
    Removing stm32f10x_tim.o(i.TIM_ClearOC1Ref), (18 bytes).
    Removing stm32f10x_tim.o(i.TIM_ClearOC2Ref), (24 bytes).
    Removing stm32f10x_tim.o(i.TIM_ClearOC3Ref), (18 bytes).
    Removing stm32f10x_tim.o(i.TIM_ClearOC4Ref), (24 bytes).
    Removing stm32f10x_tim.o(i.TIM_CounterModeConfig), (18 bytes).
    Removing stm32f10x_tim.o(i.TIM_DMAConfig), (10 bytes).
    Removing stm32f10x_tim.o(i.TIM_DeInit), (488 bytes).
    Removing stm32f10x_tim.o(i.TIM_ETRClockMode1Config), (54 bytes).
    Removing stm32f10x_tim.o(i.TIM_ETRClockMode2Config), (32 bytes).
    Removing stm32f10x_tim.o(i.TIM_ETRConfig), (28 bytes).
    Removing stm32f10x_tim.o(i.TIM_EncoderInterfaceConfig), (66 bytes).
    Removing stm32f10x_tim.o(i.TIM_ForcedOC1Config), (18 bytes).
    Removing stm32f10x_tim.o(i.TIM_ForcedOC2Config), (26 bytes).
    Removing stm32f10x_tim.o(i.TIM_ForcedOC3Config), (18 bytes).
    Removing stm32f10x_tim.o(i.TIM_ForcedOC4Config), (26 bytes).
    Removing stm32f10x_tim.o(i.TIM_GenerateEvent), (4 bytes).
    Removing stm32f10x_tim.o(i.TIM_GetCapture1), (6 bytes).
    Removing stm32f10x_tim.o(i.TIM_GetCapture2), (6 bytes).
    Removing stm32f10x_tim.o(i.TIM_GetCapture3), (6 bytes).
    Removing stm32f10x_tim.o(i.TIM_GetCapture4), (8 bytes).
    Removing stm32f10x_tim.o(i.TIM_GetCounter), (6 bytes).
    Removing stm32f10x_tim.o(i.TIM_GetFlagStatus), (18 bytes).
    Removing stm32f10x_tim.o(i.TIM_GetPrescaler), (6 bytes).
    Removing stm32f10x_tim.o(i.TIM_ICInit), (172 bytes).
    Removing stm32f10x_tim.o(i.TIM_ICStructInit), (18 bytes).
    Removing stm32f10x_tim.o(i.TIM_ITRxExternalClockConfig), (24 bytes).
    Removing stm32f10x_tim.o(i.TIM_InternalClockConfig), (12 bytes).
    Removing stm32f10x_tim.o(i.TIM_OC1FastConfig), (18 bytes).
    Removing stm32f10x_tim.o(i.TIM_OC1NPolarityConfig), (18 bytes).
    Removing stm32f10x_tim.o(i.TIM_OC1PolarityConfig), (18 bytes).
    Removing stm32f10x_tim.o(i.TIM_OC2FastConfig), (26 bytes).
    Removing stm32f10x_tim.o(i.TIM_OC2Init), (164 bytes).
    Removing stm32f10x_tim.o(i.TIM_OC2NPolarityConfig), (26 bytes).
    Removing stm32f10x_tim.o(i.TIM_OC2PolarityConfig), (26 bytes).
    Removing stm32f10x_tim.o(i.TIM_OC2PreloadConfig), (26 bytes).
    Removing stm32f10x_tim.o(i.TIM_OC3FastConfig), (18 bytes).
    Removing stm32f10x_tim.o(i.TIM_OC3Init), (160 bytes).
    Removing stm32f10x_tim.o(i.TIM_OC3NPolarityConfig), (26 bytes).
    Removing stm32f10x_tim.o(i.TIM_OC3PolarityConfig), (26 bytes).
    Removing stm32f10x_tim.o(i.TIM_OC3PreloadConfig), (18 bytes).
    Removing stm32f10x_tim.o(i.TIM_OC4FastConfig), (26 bytes).
    Removing stm32f10x_tim.o(i.TIM_OC4Init), (124 bytes).
    Removing stm32f10x_tim.o(i.TIM_OC4PolarityConfig), (26 bytes).
    Removing stm32f10x_tim.o(i.TIM_OC4PreloadConfig), (26 bytes).
    Removing stm32f10x_tim.o(i.TIM_OCStructInit), (20 bytes).
    Removing stm32f10x_tim.o(i.TIM_PWMIConfig), (124 bytes).
    Removing stm32f10x_tim.o(i.TIM_PrescalerConfig), (6 bytes).
    Removing stm32f10x_tim.o(i.TIM_SelectCCDMA), (24 bytes).
    Removing stm32f10x_tim.o(i.TIM_SelectCOM), (24 bytes).
    Removing stm32f10x_tim.o(i.TIM_SelectHallSensor), (24 bytes).
    Removing stm32f10x_tim.o(i.TIM_SelectInputTrigger), (18 bytes).
    Removing stm32f10x_tim.o(i.TIM_SelectMasterSlaveMode), (18 bytes).
    Removing stm32f10x_tim.o(i.TIM_SelectOCxM), (82 bytes).
    Removing stm32f10x_tim.o(i.TIM_SelectOnePulseMode), (18 bytes).
    Removing stm32f10x_tim.o(i.TIM_SelectOutputTrigger), (18 bytes).
    Removing stm32f10x_tim.o(i.TIM_SelectSlaveMode), (18 bytes).
    Removing stm32f10x_tim.o(i.TIM_SetAutoreload), (4 bytes).
    Removing stm32f10x_tim.o(i.TIM_SetClockDivision), (18 bytes).
    Removing stm32f10x_tim.o(i.TIM_SetCompare1), (4 bytes).
    Removing stm32f10x_tim.o(i.TIM_SetCompare2), (4 bytes).
    Removing stm32f10x_tim.o(i.TIM_SetCompare3), (4 bytes).
    Removing stm32f10x_tim.o(i.TIM_SetCompare4), (6 bytes).
    Removing stm32f10x_tim.o(i.TIM_SetCounter), (4 bytes).
    Removing stm32f10x_tim.o(i.TIM_SetIC1Prescaler), (18 bytes).
    Removing stm32f10x_tim.o(i.TIM_SetIC2Prescaler), (26 bytes).
    Removing stm32f10x_tim.o(i.TIM_SetIC3Prescaler), (18 bytes).
    Removing stm32f10x_tim.o(i.TIM_SetIC4Prescaler), (26 bytes).
    Removing stm32f10x_tim.o(i.TIM_TIxExternalClockConfig), (62 bytes).
    Removing stm32f10x_tim.o(i.TIM_TimeBaseStructInit), (18 bytes).
    Removing stm32f10x_tim.o(i.TIM_UpdateDisableConfig), (24 bytes).
    Removing stm32f10x_tim.o(i.TIM_UpdateRequestConfig), (24 bytes).
    Removing stm32f10x_usart.o(i.USART_ClearFlag), (18 bytes).
    Removing stm32f10x_usart.o(i.USART_ClockInit), (34 bytes).
    Removing stm32f10x_usart.o(i.USART_ClockStructInit), (12 bytes).
    Removing stm32f10x_usart.o(i.USART_DMACmd), (18 bytes).
    Removing stm32f10x_usart.o(i.USART_DeInit), (156 bytes).
    Removing stm32f10x_usart.o(i.USART_HalfDuplexCmd), (24 bytes).
    Removing stm32f10x_usart.o(i.USART_IrDACmd), (24 bytes).
    Removing stm32f10x_usart.o(i.USART_IrDAConfig), (18 bytes).
    Removing stm32f10x_usart.o(i.USART_LINBreakDetectLengthConfig), (18 bytes).
    Removing stm32f10x_usart.o(i.USART_LINCmd), (24 bytes).
    Removing stm32f10x_usart.o(i.USART_OneBitMethodCmd), (24 bytes).
    Removing stm32f10x_usart.o(i.USART_OverSampling8Cmd), (22 bytes).
    Removing stm32f10x_usart.o(i.USART_ReceiveData), (10 bytes).
    Removing stm32f10x_usart.o(i.USART_ReceiverWakeUpCmd), (24 bytes).
    Removing stm32f10x_usart.o(i.USART_SendBreak), (10 bytes).
    Removing stm32f10x_usart.o(i.USART_SetAddress), (18 bytes).
    Removing stm32f10x_usart.o(i.USART_SetGuardTime), (16 bytes).
    Removing stm32f10x_usart.o(i.USART_SetPrescaler), (16 bytes).
    Removing stm32f10x_usart.o(i.USART_SmartCardCmd), (24 bytes).
    Removing stm32f10x_usart.o(i.USART_SmartCardNACKCmd), (24 bytes).
    Removing stm32f10x_usart.o(i.USART_StructInit), (24 bytes).
    Removing stm32f10x_usart.o(i.USART_WakeUpConfig), (18 bytes).
    Removing stm32f10x_wwdg.o(i.WWDG_ClearFlag), (12 bytes).
    Removing stm32f10x_wwdg.o(i.WWDG_DeInit), (22 bytes).
    Removing stm32f10x_wwdg.o(i.WWDG_Enable), (16 bytes).
    Removing stm32f10x_wwdg.o(i.WWDG_EnableIT), (12 bytes).
    Removing stm32f10x_wwdg.o(i.WWDG_GetFlagStatus), (12 bytes).
    Removing stm32f10x_wwdg.o(i.WWDG_SetCounter), (16 bytes).
    Removing stm32f10x_wwdg.o(i.WWDG_SetPrescaler), (24 bytes).
    Removing stm32f10x_wwdg.o(i.WWDG_SetWindowValue), (40 bytes).
    Removing private_cfg.o(.emb_text), (6 bytes).
    Removing private_cfg.o(i.INTX_DISABLE), (4 bytes).
    Removing private_cfg.o(i.INTX_ENABLE), (4 bytes).
    Removing private_cfg.o(i.WFI_SET), (4 bytes).
    Removing i2c.o(i.i2c_ack), (80 bytes).
    Removing i2c.o(i.i2c_init), (64 bytes).
    Removing i2c.o(i.i2c_nack), (64 bytes).
    Removing i2c.o(i.i2c_read_byte), (92 bytes).
    Removing i2c.o(i.i2c_send_byte), (108 bytes).
    Removing i2c.o(i.i2c_start), (76 bytes).
    Removing i2c.o(i.i2c_stop), (64 bytes).
    Removing i2c.o(i.i2c_wait_ack), (100 bytes).
    Removing i2c.o(i.iic_delay), (10 bytes).
    Removing spi.o(i.SPI_SetSpeed), (32 bytes).
    Removing wk2124.o(i.WkReadSlaveFifo), (68 bytes).
    Removing wk2124.o(i.WkUartDeInit), (86 bytes).
    Removing wk2124.o(i.WkUartFormatSet), (212 bytes).
    Removing wk2124.o(i.WkUartProcess), (158 bytes).
    Removing wk2124.o(i.WkUartRxChars), (152 bytes).
    Removing wk2124.o(i.WkUartTxLen), (46 bytes).

449 unused section(s) (total 18258 bytes) removed from the image.

==============================================================================

Image Symbol Table

    Local Symbols

    Symbol Name                              Value     Ov Type        Size  Object(Section)

    ../clib/angel/boardlib.s                 0x00000000   Number         0  boardinit2.o ABSOLUTE
    ../clib/angel/boardlib.s                 0x00000000   Number         0  boardinit3.o ABSOLUTE
    ../clib/angel/boardlib.s                 0x00000000   Number         0  boardshut.o ABSOLUTE
    ../clib/angel/boardlib.s                 0x00000000   Number         0  boardinit1.o ABSOLUTE
    ../clib/angel/dczerorl2.s                0x00000000   Number         0  __dczerorl2.o ABSOLUTE
    ../clib/angel/handlers.s                 0x00000000   Number         0  __scatter_zi.o ABSOLUTE
    ../clib/angel/kernel.s                   0x00000000   Number         0  __rtentry2.o ABSOLUTE
    ../clib/angel/kernel.s                   0x00000000   Number         0  rtexit.o ABSOLUTE
    ../clib/angel/kernel.s                   0x00000000   Number         0  rtexit2.o ABSOLUTE
    ../clib/angel/kernel.s                   0x00000000   Number         0  __rtentry4.o ABSOLUTE
    ../clib/angel/kernel.s                   0x00000000   Number         0  __rtentry.o ABSOLUTE
    ../clib/angel/rt.s                       0x00000000   Number         0  rt_raise.o ABSOLUTE
    ../clib/angel/scatter.s                  0x00000000   Number         0  __scatter.o ABSOLUTE
    ../clib/angel/startup.s                  0x00000000   Number         0  __main.o ABSOLUTE
    ../clib/angel/sys.s                      0x00000000   Number         0  libspace.o ABSOLUTE
    ../clib/angel/sys.s                      0x00000000   Number         0  indicate_semi.o ABSOLUTE
    ../clib/angel/sys.s                      0x00000000   Number         0  use_no_semi_2.o ABSOLUTE
    ../clib/angel/sys.s                      0x00000000   Number         0  sys_stackheap_outer.o ABSOLUTE
    ../clib/angel/sys.s                      0x00000000   Number         0  use_no_semi.o ABSOLUTE
    ../clib/angel/sysapp.c                   0x00000000   Number         0  sys_command.o ABSOLUTE
    ../clib/angel/sysapp.c                   0x00000000   Number         0  sys_wrch.o ABSOLUTE
    ../clib/armsys.c                         0x00000000   Number         0  argv_veneer.o ABSOLUTE
    ../clib/armsys.c                         0x00000000   Number         0  argv_veneer.o ABSOLUTE
    ../clib/armsys.c                         0x00000000   Number         0  no_argv.o ABSOLUTE
    ../clib/armsys.c                         0x00000000   Number         0  _get_argv_nomalloc.o ABSOLUTE
    ../clib/heapalloc.c                      0x00000000   Number         0  hrguard.o ABSOLUTE
    ../clib/heapaux.c                        0x00000000   Number         0  heapauxi.o ABSOLUTE
    ../clib/libinit.s                        0x00000000   Number         0  libinit.o ABSOLUTE
    ../clib/libinit.s                        0x00000000   Number         0  libshutdown2.o ABSOLUTE
    ../clib/libinit.s                        0x00000000   Number         0  libshutdown.o ABSOLUTE
    ../clib/libinit.s                        0x00000000   Number         0  libinit2.o ABSOLUTE
    ../clib/memcpset.s                       0x00000000   Number         0  rt_memclr_w.o ABSOLUTE
    ../clib/printf.c                         0x00000000   Number         0  _printf_hex_int_ll.o ABSOLUTE
    ../clib/printf.c                         0x00000000   Number         0  _printf_hex_int.o ABSOLUTE
    ../clib/printf.c                         0x00000000   Number         0  __printf_flags.o ABSOLUTE
    ../clib/printf.c                         0x00000000   Number         0  __printf_wp.o ABSOLUTE
    ../clib/printf.c                         0x00000000   Number         0  __printf_ss.o ABSOLUTE
    ../clib/printf.c                         0x00000000   Number         0  _printf_hex_ll.o ABSOLUTE
    ../clib/printf.c                         0x00000000   Number         0  _printf_dec.o ABSOLUTE
    ../clib/printf.c                         0x00000000   Number         0  __printf.o ABSOLUTE
    ../clib/printf.c                         0x00000000   Number         0  noretval__2printf.o ABSOLUTE
    ../clib/printf.c                         0x00000000   Number         0  __2printf.o ABSOLUTE
    ../clib/printf.c                         0x00000000   Number         0  __printf_ss_wp.o ABSOLUTE
    ../clib/printf.c                         0x00000000   Number         0  _printf_char_common.o ABSOLUTE
    ../clib/printf.c                         0x00000000   Number         0  __printf_nopercent.o ABSOLUTE
    ../clib/printf.c                         0x00000000   Number         0  _printf_hex_int_ll_ptr.o ABSOLUTE
    ../clib/printf.c                         0x00000000   Number         0  _printf_hex_ll_ptr.o ABSOLUTE
    ../clib/printf.c                         0x00000000   Number         0  _printf_char_file.o ABSOLUTE
    ../clib/printf.c                         0x00000000   Number         0  _printf_intcommon.o ABSOLUTE
    ../clib/printf.c                         0x00000000   Number         0  _printf_hex_int_ptr.o ABSOLUTE
    ../clib/printf.c                         0x00000000   Number         0  _printf_hex_ptr.o ABSOLUTE
    ../clib/printf.c                         0x00000000   Number         0  __printf_flags_ss.o ABSOLUTE
    ../clib/printf.c                         0x00000000   Number         0  __printf_flags_ss_wp.o ABSOLUTE
    ../clib/printf.c                         0x00000000   Number         0  __printf_flags_wp.o ABSOLUTE
    ../clib/printf_percent.s                 0x00000000   Number         0  _printf_x.o ABSOLUTE
    ../clib/printf_percent.s                 0x00000000   Number         0  _printf_percent_end.o ABSOLUTE
    ../clib/printf_percent.s                 0x00000000   Number         0  _printf_d.o ABSOLUTE
    ../clib/printf_percent.s                 0x00000000   Number         0  _printf_percent.o ABSOLUTE
    ../clib/signal.c                         0x00000000   Number         0  defsig_rtmem_outer.o ABSOLUTE
    ../clib/signal.c                         0x00000000   Number         0  defsig_exit.o ABSOLUTE
    ../clib/signal.c                         0x00000000   Number         0  __raise.o ABSOLUTE
    ../clib/signal.c                         0x00000000   Number         0  defsig_general.o ABSOLUTE
    ../clib/signal.c                         0x00000000   Number         0  defsig_rtmem_formal.o ABSOLUTE
    ../clib/signal.c                         0x00000000   Number         0  defsig_rtmem_inner.o ABSOLUTE
    ../clib/signal.c                         0x00000000   Number         0  defsig_abrt_inner.o ABSOLUTE
    ../clib/signal.c                         0x00000000   Number         0  defsig_fpe_inner.o ABSOLUTE
    ../clib/signal.c                         0x00000000   Number         0  defsig_rtred_inner.o ABSOLUTE
    ../clib/signal.c                         0x00000000   Number         0  defsig_stak_inner.o ABSOLUTE
    ../clib/signal.c                         0x00000000   Number         0  defsig_other.o ABSOLUTE
    ../clib/signal.c                         0x00000000   Number         0  defsig_segv_inner.o ABSOLUTE
    ../clib/signal.c                         0x00000000   Number         0  defsig_cppl_inner.o ABSOLUTE
    ../clib/signal.c                         0x00000000   Number         0  defsig_pvfn_inner.o ABSOLUTE
    ../clib/signal.s                         0x00000000   Number         0  defsig.o ABSOLUTE
    ../clib/stdio.c                          0x00000000   Number         0  ferror_locked.o ABSOLUTE
    ../clib/stdio.c                          0x00000000   Number         0  ferror.o ABSOLUTE
    ../clib/stdlib.c                         0x00000000   Number         0  exit.o ABSOLUTE
    ../fplib/fpinit.s                        0x00000000   Number         0  fpinit.o ABSOLUTE
    ..\BspDriver\DELAY\delay.c               0x00000000   Number         0  delay.o ABSOLUTE
    ..\BspDriver\I2C\i2c.c                   0x00000000   Number         0  i2c.o ABSOLUTE
    ..\BspDriver\IDOG\idog.c                 0x00000000   Number         0  idog.o ABSOLUTE
    ..\BspDriver\LED\led.c                   0x00000000   Number         0  led.o ABSOLUTE
    ..\BspDriver\PRIVATE_CFG\private_cfg.c   0x00000000   Number         0  private_cfg.o ABSOLUTE
    ..\BspDriver\SPI\spi.c                   0x00000000   Number         0  spi.o ABSOLUTE
    ..\BspDriver\TIM\tim.c                   0x00000000   Number         0  tim.o ABSOLUTE
    ..\BspDriver\UART\uart.c                 0x00000000   Number         0  uart.o ABSOLUTE
    ..\CORE\core_cm3.c                       0x00000000   Number         0  core_cm3.o ABSOLUTE
    ..\CORE\startup_stm32f10x_md.s           0x00000000   Number         0  startup_stm32f10x_md.o ABSOLUTE
    ..\Peripheral\WK2124\wk2124.c            0x00000000   Number         0  wk2124.o ABSOLUTE
    ..\STM3210x_FWLIB\src\misc.c             0x00000000   Number         0  misc.o ABSOLUTE
    ..\STM3210x_FWLIB\src\stm32f10x_adc.c    0x00000000   Number         0  stm32f10x_adc.o ABSOLUTE
    ..\STM3210x_FWLIB\src\stm32f10x_bkp.c    0x00000000   Number         0  stm32f10x_bkp.o ABSOLUTE
    ..\STM3210x_FWLIB\src\stm32f10x_can.c    0x00000000   Number         0  stm32f10x_can.o ABSOLUTE
    ..\STM3210x_FWLIB\src\stm32f10x_cec.c    0x00000000   Number         0  stm32f10x_cec.o ABSOLUTE
    ..\STM3210x_FWLIB\src\stm32f10x_crc.c    0x00000000   Number         0  stm32f10x_crc.o ABSOLUTE
    ..\STM3210x_FWLIB\src\stm32f10x_dac.c    0x00000000   Number         0  stm32f10x_dac.o ABSOLUTE
    ..\STM3210x_FWLIB\src\stm32f10x_dbgmcu.c 0x00000000   Number         0  stm32f10x_dbgmcu.o ABSOLUTE
    ..\STM3210x_FWLIB\src\stm32f10x_dma.c    0x00000000   Number         0  stm32f10x_dma.o ABSOLUTE
    ..\STM3210x_FWLIB\src\stm32f10x_exti.c   0x00000000   Number         0  stm32f10x_exti.o ABSOLUTE
    ..\STM3210x_FWLIB\src\stm32f10x_flash.c  0x00000000   Number         0  stm32f10x_flash.o ABSOLUTE
    ..\STM3210x_FWLIB\src\stm32f10x_fsmc.c   0x00000000   Number         0  stm32f10x_fsmc.o ABSOLUTE
    ..\STM3210x_FWLIB\src\stm32f10x_gpio.c   0x00000000   Number         0  stm32f10x_gpio.o ABSOLUTE
    ..\STM3210x_FWLIB\src\stm32f10x_i2c.c    0x00000000   Number         0  stm32f10x_i2c.o ABSOLUTE
    ..\STM3210x_FWLIB\src\stm32f10x_iwdg.c   0x00000000   Number         0  stm32f10x_iwdg.o ABSOLUTE
    ..\STM3210x_FWLIB\src\stm32f10x_pwr.c    0x00000000   Number         0  stm32f10x_pwr.o ABSOLUTE
    ..\STM3210x_FWLIB\src\stm32f10x_rcc.c    0x00000000   Number         0  stm32f10x_rcc.o ABSOLUTE
    ..\STM3210x_FWLIB\src\stm32f10x_rtc.c    0x00000000   Number         0  stm32f10x_rtc.o ABSOLUTE
    ..\STM3210x_FWLIB\src\stm32f10x_sdio.c   0x00000000   Number         0  stm32f10x_sdio.o ABSOLUTE
    ..\STM3210x_FWLIB\src\stm32f10x_spi.c    0x00000000   Number         0  stm32f10x_spi.o ABSOLUTE
    ..\STM3210x_FWLIB\src\stm32f10x_tim.c    0x00000000   Number         0  stm32f10x_tim.o ABSOLUTE
    ..\STM3210x_FWLIB\src\stm32f10x_usart.c  0x00000000   Number         0  stm32f10x_usart.o ABSOLUTE
    ..\STM3210x_FWLIB\src\stm32f10x_wwdg.c   0x00000000   Number         0  stm32f10x_wwdg.o ABSOLUTE
    ..\\BspDriver\\PRIVATE_CFG\\private_cfg.c 0x00000000   Number         0  private_cfg.o ABSOLUTE
    ..\\CORE\\core_cm3.c                     0x00000000   Number         0  core_cm3.o ABSOLUTE
    dc.s                                     0x00000000   Number         0  dc.o ABSOLUTE
    main.c                                   0x00000000   Number         0  main.o ABSOLUTE
    stm32f10x_it.c                           0x00000000   Number         0  stm32f10x_it.o ABSOLUTE
    system_stm32f10x.c                       0x00000000   Number         0  system_stm32f10x.o ABSOLUTE
    RESET                                    0x08000000   Section      236  startup_stm32f10x_md.o(RESET)
    !!!main                                  0x080000ec   Section        8  __main.o(!!!main)
    !!!scatter                               0x080000f4   Section       52  __scatter.o(!!!scatter)
    !!dczerorl2                              0x08000128   Section       90  __dczerorl2.o(!!dczerorl2)
    !!handler_zi                             0x08000184   Section       28  __scatter_zi.o(!!handler_zi)
    .ARM.Collect$$_printf_percent$$00000000  0x080001a0   Section        0  _printf_percent.o(.ARM.Collect$$_printf_percent$$00000000)
    .ARM.Collect$$_printf_percent$$00000009  0x080001a0   Section        6  _printf_d.o(.ARM.Collect$$_printf_percent$$00000009)
    .ARM.Collect$$_printf_percent$$00000017  0x080001a6   Section        4  _printf_percent_end.o(.ARM.Collect$$_printf_percent$$00000017)
    .ARM.Collect$$libinit$$00000000          0x080001aa   Section        2  libinit.o(.ARM.Collect$$libinit$$00000000)
    .ARM.Collect$$libinit$$00000002          0x080001ac   Section        0  libinit2.o(.ARM.Collect$$libinit$$00000002)
    .ARM.Collect$$libinit$$00000004          0x080001ac   Section        0  libinit2.o(.ARM.Collect$$libinit$$00000004)
    .ARM.Collect$$libinit$$0000000A          0x080001ac   Section        0  libinit2.o(.ARM.Collect$$libinit$$0000000A)
    .ARM.Collect$$libinit$$0000000C          0x080001ac   Section        0  libinit2.o(.ARM.Collect$$libinit$$0000000C)
    .ARM.Collect$$libinit$$0000000E          0x080001ac   Section        0  libinit2.o(.ARM.Collect$$libinit$$0000000E)
    .ARM.Collect$$libinit$$00000011          0x080001ac   Section        0  libinit2.o(.ARM.Collect$$libinit$$00000011)
    .ARM.Collect$$libinit$$00000013          0x080001ac   Section        0  libinit2.o(.ARM.Collect$$libinit$$00000013)
    .ARM.Collect$$libinit$$00000015          0x080001ac   Section        0  libinit2.o(.ARM.Collect$$libinit$$00000015)
    .ARM.Collect$$libinit$$00000017          0x080001ac   Section        0  libinit2.o(.ARM.Collect$$libinit$$00000017)
    .ARM.Collect$$libinit$$00000019          0x080001ac   Section        0  libinit2.o(.ARM.Collect$$libinit$$00000019)
    .ARM.Collect$$libinit$$0000001B          0x080001ac   Section        0  libinit2.o(.ARM.Collect$$libinit$$0000001B)
    .ARM.Collect$$libinit$$0000001D          0x080001ac   Section        0  libinit2.o(.ARM.Collect$$libinit$$0000001D)
    .ARM.Collect$$libinit$$0000001F          0x080001ac   Section        0  libinit2.o(.ARM.Collect$$libinit$$0000001F)
    .ARM.Collect$$libinit$$00000021          0x080001ac   Section        0  libinit2.o(.ARM.Collect$$libinit$$00000021)
    .ARM.Collect$$libinit$$00000023          0x080001ac   Section        0  libinit2.o(.ARM.Collect$$libinit$$00000023)
    .ARM.Collect$$libinit$$00000025          0x080001ac   Section        0  libinit2.o(.ARM.Collect$$libinit$$00000025)
    .ARM.Collect$$libinit$$0000002C          0x080001ac   Section        0  libinit2.o(.ARM.Collect$$libinit$$0000002C)
    .ARM.Collect$$libinit$$0000002E          0x080001ac   Section        0  libinit2.o(.ARM.Collect$$libinit$$0000002E)
    .ARM.Collect$$libinit$$00000030          0x080001ac   Section        0  libinit2.o(.ARM.Collect$$libinit$$00000030)
    .ARM.Collect$$libinit$$00000032          0x080001ac   Section        0  libinit2.o(.ARM.Collect$$libinit$$00000032)
    .ARM.Collect$$libinit$$00000033          0x080001ac   Section        2  libinit2.o(.ARM.Collect$$libinit$$00000033)
    .ARM.Collect$$libshutdown$$00000000      0x080001ae   Section        2  libshutdown.o(.ARM.Collect$$libshutdown$$00000000)
    .ARM.Collect$$libshutdown$$00000002      0x080001b0   Section        0  libshutdown2.o(.ARM.Collect$$libshutdown$$00000002)
    .ARM.Collect$$libshutdown$$00000004      0x080001b0   Section        0  libshutdown2.o(.ARM.Collect$$libshutdown$$00000004)
    .ARM.Collect$$libshutdown$$00000006      0x080001b0   Section        0  libshutdown2.o(.ARM.Collect$$libshutdown$$00000006)
    .ARM.Collect$$libshutdown$$00000009      0x080001b0   Section        0  libshutdown2.o(.ARM.Collect$$libshutdown$$00000009)
    .ARM.Collect$$libshutdown$$0000000C      0x080001b0   Section        0  libshutdown2.o(.ARM.Collect$$libshutdown$$0000000C)
    .ARM.Collect$$libshutdown$$0000000E      0x080001b0   Section        0  libshutdown2.o(.ARM.Collect$$libshutdown$$0000000E)
    .ARM.Collect$$libshutdown$$00000011      0x080001b0   Section        0  libshutdown2.o(.ARM.Collect$$libshutdown$$00000011)
    .ARM.Collect$$libshutdown$$00000012      0x080001b0   Section        2  libshutdown2.o(.ARM.Collect$$libshutdown$$00000012)
    .ARM.Collect$$rtentry$$00000000          0x080001b2   Section        0  __rtentry.o(.ARM.Collect$$rtentry$$00000000)
    .ARM.Collect$$rtentry$$00000002          0x080001b2   Section        0  __rtentry2.o(.ARM.Collect$$rtentry$$00000002)
    .ARM.Collect$$rtentry$$00000004          0x080001b2   Section        6  __rtentry4.o(.ARM.Collect$$rtentry$$00000004)
    .ARM.Collect$$rtentry$$00000009          0x080001b8   Section        0  __rtentry2.o(.ARM.Collect$$rtentry$$00000009)
    .ARM.Collect$$rtentry$$0000000A          0x080001b8   Section        4  __rtentry2.o(.ARM.Collect$$rtentry$$0000000A)
    .ARM.Collect$$rtentry$$0000000C          0x080001bc   Section        0  __rtentry2.o(.ARM.Collect$$rtentry$$0000000C)
    .ARM.Collect$$rtentry$$0000000D          0x080001bc   Section        8  __rtentry2.o(.ARM.Collect$$rtentry$$0000000D)
    .ARM.Collect$$rtexit$$00000000           0x080001c4   Section        2  rtexit.o(.ARM.Collect$$rtexit$$00000000)
    .ARM.Collect$$rtexit$$00000002           0x080001c6   Section        0  rtexit2.o(.ARM.Collect$$rtexit$$00000002)
    .ARM.Collect$$rtexit$$00000003           0x080001c6   Section        4  rtexit2.o(.ARM.Collect$$rtexit$$00000003)
    .ARM.Collect$$rtexit$$00000004           0x080001ca   Section        6  rtexit2.o(.ARM.Collect$$rtexit$$00000004)
    .text                                    0x080001d0   Section       64  startup_stm32f10x_md.o(.text)
    .text                                    0x08000210   Section        2  use_no_semi_2.o(.text)
    .text                                    0x08000214   Section        0  noretval__2printf.o(.text)
    .text                                    0x0800022c   Section        0  __printf.o(.text)
    .text                                    0x08000294   Section        0  _printf_dec.o(.text)
    .text                                    0x0800030c   Section       78  rt_memclr_w.o(.text)
    .text                                    0x0800035a   Section        0  heapauxi.o(.text)
    .text                                    0x08000360   Section        2  use_no_semi.o(.text)
    .text                                    0x08000362   Section        0  _printf_intcommon.o(.text)
    .text                                    0x08000414   Section        0  _printf_char_file.o(.text)
    .text                                    0x08000438   Section        0  _printf_char_common.o(.text)
    _printf_input_char                       0x08000439   Thumb Code    10  _printf_char_common.o(.text)
    .text                                    0x08000468   Section        0  ferror.o(.text)
    .text                                    0x08000470   Section       74  sys_stackheap_outer.o(.text)
    .text                                    0x080004ba   Section        0  exit.o(.text)
    .text                                    0x080004cc   Section        8  libspace.o(.text)
    i.BusFault_Handler                       0x080004d4   Section        0  stm32f10x_it.o(i.BusFault_Handler)
    i.DMA1_Channel2_IRQHandler               0x080004d8   Section        0  stm32f10x_it.o(i.DMA1_Channel2_IRQHandler)
    i.DMA_CHANNEL2_INT_TC_Callback           0x080004fc   Section        0  tim.o(i.DMA_CHANNEL2_INT_TC_Callback)
    i.DMA_ClearITPendingBit                  0x08000500   Section        0  stm32f10x_dma.o(i.DMA_ClearITPendingBit)
    i.DMA_Cmd                                0x0800051c   Section        0  stm32f10x_dma.o(i.DMA_Cmd)
    i.DMA_DeInit                             0x08000534   Section        0  stm32f10x_dma.o(i.DMA_DeInit)
    i.DMA_GetITStatus                        0x08000680   Section        0  stm32f10x_dma.o(i.DMA_GetITStatus)
    i.DMA_ITConfig                           0x080006ac   Section        0  stm32f10x_dma.o(i.DMA_ITConfig)
    i.DMA_Init                               0x080006be   Section        0  stm32f10x_dma.o(i.DMA_Init)
    i.DMA_SetCurrDataCounter                 0x080006fa   Section        0  stm32f10x_dma.o(i.DMA_SetCurrDataCounter)
    i.DebugMon_Handler                       0x080006fe   Section        0  stm32f10x_it.o(i.DebugMon_Handler)
    i.GPIO_Init                              0x08000700   Section        0  stm32f10x_gpio.o(i.GPIO_Init)
    i.GPIO_ReadOutputDataBit                 0x08000816   Section        0  stm32f10x_gpio.o(i.GPIO_ReadOutputDataBit)
    i.GPIO_SetBits                           0x08000828   Section        0  stm32f10x_gpio.o(i.GPIO_SetBits)
    i.GPIO_WriteBit                          0x0800082c   Section        0  stm32f10x_gpio.o(i.GPIO_WriteBit)
    i.HardFault_Handler                      0x08000836   Section        0  stm32f10x_it.o(i.HardFault_Handler)
    i.IWDG_Enable                            0x0800083c   Section        0  stm32f10x_iwdg.o(i.IWDG_Enable)
    i.IWDG_ReloadCounter                     0x0800084c   Section        0  stm32f10x_iwdg.o(i.IWDG_ReloadCounter)
    i.IWDG_SetPrescaler                      0x0800085c   Section        0  stm32f10x_iwdg.o(i.IWDG_SetPrescaler)
    i.IWDG_SetReload                         0x08000868   Section        0  stm32f10x_iwdg.o(i.IWDG_SetReload)
    i.IWDG_WriteAccessCmd                    0x08000874   Section        0  stm32f10x_iwdg.o(i.IWDG_WriteAccessCmd)
    i.MemManage_Handler                      0x08000880   Section        0  stm32f10x_it.o(i.MemManage_Handler)
    i.NMI_Handler                            0x08000884   Section        0  stm32f10x_it.o(i.NMI_Handler)
    i.NVIC_Init                              0x08000888   Section        0  misc.o(i.NVIC_Init)
    i.NVIC_PriorityGroupConfig               0x080008f8   Section        0  misc.o(i.NVIC_PriorityGroupConfig)
    i.PendSV_Handler                         0x0800090c   Section        0  stm32f10x_it.o(i.PendSV_Handler)
    i.RCC_AHBPeriphClockCmd                  0x08000910   Section        0  stm32f10x_rcc.o(i.RCC_AHBPeriphClockCmd)
    i.RCC_APB2PeriphClockCmd                 0x08000930   Section        0  stm32f10x_rcc.o(i.RCC_APB2PeriphClockCmd)
    i.RCC_GetClocksFreq                      0x08000950   Section        0  stm32f10x_rcc.o(i.RCC_GetClocksFreq)
    i.SPI1_CS_Ctrl                           0x08000a24   Section        0  wk2124.o(i.SPI1_CS_Ctrl)
    i.SPI_Cmd                                0x08000a48   Section        0  stm32f10x_spi.o(i.SPI_Cmd)
    i.SPI_I2S_GetFlagStatus                  0x08000a60   Section        0  stm32f10x_spi.o(i.SPI_I2S_GetFlagStatus)
    i.SPI_I2S_ReceiveData                    0x08000a72   Section        0  stm32f10x_spi.o(i.SPI_I2S_ReceiveData)
    i.SPI_I2S_SendData                       0x08000a78   Section        0  stm32f10x_spi.o(i.SPI_I2S_SendData)
    i.SPI_Init                               0x08000a7c   Section        0  stm32f10x_spi.o(i.SPI_Init)
    i.SPI_ReadWrite_Byte                     0x08000ab8   Section        0  spi.o(i.SPI_ReadWrite_Byte)
    i.SPI_ReadWrite_Bytes                    0x08000b08   Section        0  spi.o(i.SPI_ReadWrite_Bytes)
    i.SVC_Handler                            0x08000b30   Section        0  stm32f10x_it.o(i.SVC_Handler)
    i.SetSysClock                            0x08000b32   Section        0  system_stm32f10x.o(i.SetSysClock)
    SetSysClock                              0x08000b33   Thumb Code     8  system_stm32f10x.o(i.SetSysClock)
    i.SetSysClockTo72                        0x08000b3c   Section        0  system_stm32f10x.o(i.SetSysClockTo72)
    SetSysClockTo72                          0x08000b3d   Thumb Code   214  system_stm32f10x.o(i.SetSysClockTo72)
    i.SysTick_CLKSourceConfig                0x08000c1c   Section        0  misc.o(i.SysTick_CLKSourceConfig)
    i.SysTick_Handler                        0x08000c44   Section        0  stm32f10x_it.o(i.SysTick_Handler)
    i.SystemCoreClockUpdate                  0x08000c48   Section        0  system_stm32f10x.o(i.SystemCoreClockUpdate)
    i.SystemInit                             0x08000cec   Section        0  system_stm32f10x.o(i.SystemInit)
    i.TIM1_INT_UPDATE_Callback               0x08000d4c   Section        0  tim.o(i.TIM1_INT_UPDATE_Callback)
    i.TIM1_UP_IRQHandler                     0x08000d50   Section        0  stm32f10x_it.o(i.TIM1_UP_IRQHandler)
    i.TIM_ClearFlag                          0x08000d70   Section        0  stm32f10x_tim.o(i.TIM_ClearFlag)
    i.TIM_ClearITPendingBit                  0x08000d76   Section        0  stm32f10x_tim.o(i.TIM_ClearITPendingBit)
    i.TIM_Cmd                                0x08000d7c   Section        0  stm32f10x_tim.o(i.TIM_Cmd)
    i.TIM_CtrlPWMOutputs                     0x08000d94   Section        0  stm32f10x_tim.o(i.TIM_CtrlPWMOutputs)
    i.TIM_DMACmd                             0x08000db2   Section        0  stm32f10x_tim.o(i.TIM_DMACmd)
    i.TIM_GetITStatus                        0x08000dc4   Section        0  stm32f10x_tim.o(i.TIM_GetITStatus)
    i.TIM_ITConfig                           0x08000de6   Section        0  stm32f10x_tim.o(i.TIM_ITConfig)
    i.TIM_OC1Init                            0x08000df8   Section        0  stm32f10x_tim.o(i.TIM_OC1Init)
    i.TIM_OC1PreloadConfig                   0x08000e90   Section        0  stm32f10x_tim.o(i.TIM_OC1PreloadConfig)
    i.TIM_TimeBaseInit                       0x08000ea4   Section        0  stm32f10x_tim.o(i.TIM_TimeBaseInit)
    i.USART1_INT_IDLE_Callback               0x08000f48   Section        0  uart.o(i.USART1_INT_IDLE_Callback)
    i.USART1_INT_RXNE_Callback               0x08000f6c   Section        0  uart.o(i.USART1_INT_RXNE_Callback)
    i.USART1_IRQHandler                      0x08000f90   Section        0  stm32f10x_it.o(i.USART1_IRQHandler)
    i.USART_ClearITPendingBit                0x08000fdc   Section        0  stm32f10x_usart.o(i.USART_ClearITPendingBit)
    i.USART_Cmd                              0x08000ffa   Section        0  stm32f10x_usart.o(i.USART_Cmd)
    i.USART_GetFlagStatus                    0x08001012   Section        0  stm32f10x_usart.o(i.USART_GetFlagStatus)
    i.USART_GetITStatus                      0x0800102c   Section        0  stm32f10x_usart.o(i.USART_GetITStatus)
    i.USART_ITConfig                         0x08001080   Section        0  stm32f10x_usart.o(i.USART_ITConfig)
    i.USART_Init                             0x080010cc   Section        0  stm32f10x_usart.o(i.USART_Init)
    i.USART_SendData                         0x080011a4   Section        0  stm32f10x_usart.o(i.USART_SendData)
    i.UsageFault_Handler                     0x080011ac   Section        0  stm32f10x_it.o(i.UsageFault_Handler)
    i.WK2124_TransmitReceive                 0x080011b0   Section        0  wk2124.o(i.WK2124_TransmitReceive)
    i.Wk2xxxRstInit                          0x080011d8   Section        0  wk2124.o(i.Wk2xxxRstInit)
    i.WkReadGlobalRegister                   0x08001200   Section        0  wk2124.o(i.WkReadGlobalRegister)
    i.WkReadSlaveRegister                    0x08001222   Section        0  wk2124.o(i.WkReadSlaveRegister)
    i.WkUartInit                             0x08001248   Section        0  wk2124.o(i.WkUartInit)
    i.WkUartSetBaud                          0x08001308   Section        0  wk2124.o(i.WkUartSetBaud)
    i.WkUartTxChars                          0x080013c4   Section        0  wk2124.o(i.WkUartTxChars)
    i.WkWriteGlobalRegister                  0x080013da   Section        0  wk2124.o(i.WkWriteGlobalRegister)
    i.WkWriteSlaveFifo                       0x080013f6   Section        0  wk2124.o(i.WkWriteSlaveFifo)
    i.WkWriteSlaveRegister                   0x0800143a   Section        0  wk2124.o(i.WkWriteSlaveRegister)
    i._sys_exit                              0x08001466   Section        0  private_cfg.o(i._sys_exit)
    i.delay_ms                               0x0800146a   Section        0  delay.o(i.delay_ms)
    i.delay_us                               0x08001484   Section        0  delay.o(i.delay_us)
    i.dma_channel2_tc_it_enable              0x080014d0   Section        0  tim.o(i.dma_channel2_tc_it_enable)
    i.fputc                                  0x08001504   Section        0  private_cfg.o(i.fputc)
    i.idog_init                              0x08001520   Section        0  idog.o(i.idog_init)
    i.idog_restart                           0x08001544   Section        0  idog.o(i.idog_restart)
    i.led_init                               0x0800154c   Section        0  led.o(i.led_init)
    i.led_toggle                             0x0800157c   Section        0  led.o(i.led_toggle)
    i.main                                   0x080015a8   Section        0  main.o(i.main)
    i.spi1_init                              0x080016c4   Section        0  spi.o(i.spi1_init)
    i.systick_delay_init                     0x0800178c   Section        0  delay.o(i.systick_delay_init)
    i.tim1_base_init                         0x080017b0   Section        0  tim.o(i.tim1_base_init)
    i.tim1_pwm_dma_init                      0x080017f8   Section        0  tim.o(i.tim1_pwm_dma_init)
    i.tim1_pwm_init                          0x08001868   Section        0  tim.o(i.tim1_pwm_init)
    i.tim1_update_it_enable                  0x080018e8   Section        0  tim.o(i.tim1_update_it_enable)
    i.uart_transmit                          0x08001920   Section        0  uart.o(i.uart_transmit)
    i.usart1_uart_init                       0x08001960   Section        0  uart.o(i.usart1_uart_init)
    i.wk2124_init                            0x08001a20   Section        0  wk2124.o(i.wk2124_init)
    .data                                    0x20000000   Section       20  stm32f10x_rcc.o(.data)
    APBAHBPrescTable                         0x20000000   Data          16  stm32f10x_rcc.o(.data)
    ADCPrescTable                            0x20000010   Data           4  stm32f10x_rcc.o(.data)
    .data                                    0x20000014   Section       20  system_stm32f10x.o(.data)
    .data                                    0x20000028   Section        4  private_cfg.o(.data)
    .data                                    0x2000002c   Section        8  delay.o(.data)
    .data                                    0x20000034   Section        2  uart.o(.data)
    .data                                    0x20000038   Section      400  tim.o(.data)
    .bss                                     0x200001c8   Section      100  uart.o(.bss)
    .bss                                     0x2000022c   Section       96  libspace.o(.bss)
    HEAP                                     0x20000290   Section      512  startup_stm32f10x_md.o(HEAP)
    Heap_Mem                                 0x20000290   Data         512  startup_stm32f10x_md.o(HEAP)
    STACK                                    0x20000490   Section     1024  startup_stm32f10x_md.o(STACK)
    Stack_Mem                                0x20000490   Data        1024  startup_stm32f10x_md.o(STACK)
    __initial_sp                             0x20000890   Data           0  startup_stm32f10x_md.o(STACK)

    Global Symbols

    Symbol Name                              Value     Ov Type        Size  Object(Section)

    BuildAttributes$$THM_ISAv4$P$D$K$B$S$PE$A:L22UL41UL21$X:L11$S22US41US21$IEEE1$IW$USESV6$~STKCKD$USESV7$~SHL$OSPACE$ROPI$EBA8$UX$STANDARDLIB$REQ8$PRES8$EABIv2 0x00000000   Number         0  anon$$obj.o ABSOLUTE
    __ARM_use_no_argv                        0x00000000   Number         0  main.o ABSOLUTE
    __ARM_exceptions_init                     - Undefined Weak Reference
    __alloca_initialize                       - Undefined Weak Reference
    __arm_fini_                               - Undefined Weak Reference
    __arm_preinit_                            - Undefined Weak Reference
    __cpp_initialize__aeabi_                  - Undefined Weak Reference
    __cxa_finalize                            - Undefined Weak Reference
    __rt_locale                               - Undefined Weak Reference
    __sigvec_lookup                           - Undefined Weak Reference
    _atexit_init                              - Undefined Weak Reference
    _call_atexit_fns                          - Undefined Weak Reference
    _clock_init                               - Undefined Weak Reference
    _fp_trap_init                             - Undefined Weak Reference
    _fp_trap_shutdown                         - Undefined Weak Reference
    _get_lc_collate                           - Undefined Weak Reference
    _get_lc_ctype                             - Undefined Weak Reference
    _get_lc_monetary                          - Undefined Weak Reference
    _get_lc_numeric                           - Undefined Weak Reference
    _get_lc_time                              - Undefined Weak Reference
    _getenv_init                              - Undefined Weak Reference
    _handle_redirection                       - Undefined Weak Reference
    _init_alloc                               - Undefined Weak Reference
    _init_user_alloc                          - Undefined Weak Reference
    _initio                                   - Undefined Weak Reference
    _mutex_acquire                            - Undefined Weak Reference
    _mutex_release                            - Undefined Weak Reference
    _printf_post_padding                      - Undefined Weak Reference
    _printf_pre_padding                       - Undefined Weak Reference
    _printf_truncate_signed                   - Undefined Weak Reference
    _printf_truncate_unsigned                 - Undefined Weak Reference
    _rand_init                                - Undefined Weak Reference
    _signal_finish                            - Undefined Weak Reference
    _signal_init                              - Undefined Weak Reference
    _terminate_alloc                          - Undefined Weak Reference
    _terminate_user_alloc                     - Undefined Weak Reference
    _terminateio                              - Undefined Weak Reference
    __Vectors_Size                           0x000000ec   Number         0  startup_stm32f10x_md.o ABSOLUTE
    __Vectors                                0x08000000   Data           4  startup_stm32f10x_md.o(RESET)
    __Vectors_End                            0x080000ec   Data           0  startup_stm32f10x_md.o(RESET)
    __main                                   0x080000ed   Thumb Code     8  __main.o(!!!main)
    __scatterload                            0x080000f5   Thumb Code     0  __scatter.o(!!!scatter)
    __scatterload_rt2                        0x080000f5   Thumb Code    44  __scatter.o(!!!scatter)
    __scatterload_rt2_thumb_only             0x080000f5   Thumb Code     0  __scatter.o(!!!scatter)
    __scatterload_null                       0x08000103   Thumb Code     0  __scatter.o(!!!scatter)
    __decompress                             0x08000129   Thumb Code    90  __dczerorl2.o(!!dczerorl2)
    __decompress1                            0x08000129   Thumb Code     0  __dczerorl2.o(!!dczerorl2)
    __scatterload_zeroinit                   0x08000185   Thumb Code    28  __scatter_zi.o(!!handler_zi)
    _printf_d                                0x080001a1   Thumb Code     0  _printf_d.o(.ARM.Collect$$_printf_percent$$00000009)
    _printf_percent                          0x080001a1   Thumb Code     0  _printf_percent.o(.ARM.Collect$$_printf_percent$$00000000)
    _printf_percent_end                      0x080001a7   Thumb Code     0  _printf_percent_end.o(.ARM.Collect$$_printf_percent$$00000017)
    __rt_lib_init                            0x080001ab   Thumb Code     0  libinit.o(.ARM.Collect$$libinit$$00000000)
    __rt_lib_init_alloca_1                   0x080001ad   Thumb Code     0  libinit2.o(.ARM.Collect$$libinit$$0000002E)
    __rt_lib_init_argv_1                     0x080001ad   Thumb Code     0  libinit2.o(.ARM.Collect$$libinit$$0000002C)
    __rt_lib_init_atexit_1                   0x080001ad   Thumb Code     0  libinit2.o(.ARM.Collect$$libinit$$0000001B)
    __rt_lib_init_clock_1                    0x080001ad   Thumb Code     0  libinit2.o(.ARM.Collect$$libinit$$00000021)
    __rt_lib_init_cpp_1                      0x080001ad   Thumb Code     0  libinit2.o(.ARM.Collect$$libinit$$00000032)
    __rt_lib_init_exceptions_1               0x080001ad   Thumb Code     0  libinit2.o(.ARM.Collect$$libinit$$00000030)
    __rt_lib_init_fp_1                       0x080001ad   Thumb Code     0  libinit2.o(.ARM.Collect$$libinit$$00000002)
    __rt_lib_init_fp_trap_1                  0x080001ad   Thumb Code     0  libinit2.o(.ARM.Collect$$libinit$$0000001F)
    __rt_lib_init_getenv_1                   0x080001ad   Thumb Code     0  libinit2.o(.ARM.Collect$$libinit$$00000023)
    __rt_lib_init_heap_1                     0x080001ad   Thumb Code     0  libinit2.o(.ARM.Collect$$libinit$$0000000A)
    __rt_lib_init_lc_collate_1               0x080001ad   Thumb Code     0  libinit2.o(.ARM.Collect$$libinit$$00000011)
    __rt_lib_init_lc_ctype_1                 0x080001ad   Thumb Code     0  libinit2.o(.ARM.Collect$$libinit$$00000013)
    __rt_lib_init_lc_monetary_1              0x080001ad   Thumb Code     0  libinit2.o(.ARM.Collect$$libinit$$00000015)
    __rt_lib_init_lc_numeric_1               0x080001ad   Thumb Code     0  libinit2.o(.ARM.Collect$$libinit$$00000017)
    __rt_lib_init_lc_time_1                  0x080001ad   Thumb Code     0  libinit2.o(.ARM.Collect$$libinit$$00000019)
    __rt_lib_init_preinit_1                  0x080001ad   Thumb Code     0  libinit2.o(.ARM.Collect$$libinit$$00000004)
    __rt_lib_init_rand_1                     0x080001ad   Thumb Code     0  libinit2.o(.ARM.Collect$$libinit$$0000000E)
    __rt_lib_init_return                     0x080001ad   Thumb Code     0  libinit2.o(.ARM.Collect$$libinit$$00000033)
    __rt_lib_init_signal_1                   0x080001ad   Thumb Code     0  libinit2.o(.ARM.Collect$$libinit$$0000001D)
    __rt_lib_init_stdio_1                    0x080001ad   Thumb Code     0  libinit2.o(.ARM.Collect$$libinit$$00000025)
    __rt_lib_init_user_alloc_1               0x080001ad   Thumb Code     0  libinit2.o(.ARM.Collect$$libinit$$0000000C)
    __rt_lib_shutdown                        0x080001af   Thumb Code     0  libshutdown.o(.ARM.Collect$$libshutdown$$00000000)
    __rt_lib_shutdown_cpp_1                  0x080001b1   Thumb Code     0  libshutdown2.o(.ARM.Collect$$libshutdown$$00000004)
    __rt_lib_shutdown_fini_1                 0x080001b1   Thumb Code     0  libshutdown2.o(.ARM.Collect$$libshutdown$$00000002)
    __rt_lib_shutdown_fp_trap_1              0x080001b1   Thumb Code     0  libshutdown2.o(.ARM.Collect$$libshutdown$$00000009)
    __rt_lib_shutdown_heap_1                 0x080001b1   Thumb Code     0  libshutdown2.o(.ARM.Collect$$libshutdown$$00000011)
    __rt_lib_shutdown_return                 0x080001b1   Thumb Code     0  libshutdown2.o(.ARM.Collect$$libshutdown$$00000012)
    __rt_lib_shutdown_signal_1               0x080001b1   Thumb Code     0  libshutdown2.o(.ARM.Collect$$libshutdown$$0000000C)
    __rt_lib_shutdown_stdio_1                0x080001b1   Thumb Code     0  libshutdown2.o(.ARM.Collect$$libshutdown$$00000006)
    __rt_lib_shutdown_user_alloc_1           0x080001b1   Thumb Code     0  libshutdown2.o(.ARM.Collect$$libshutdown$$0000000E)
    __rt_entry                               0x080001b3   Thumb Code     0  __rtentry.o(.ARM.Collect$$rtentry$$00000000)
    __rt_entry_presh_1                       0x080001b3   Thumb Code     0  __rtentry2.o(.ARM.Collect$$rtentry$$00000002)
    __rt_entry_sh                            0x080001b3   Thumb Code     0  __rtentry4.o(.ARM.Collect$$rtentry$$00000004)
    __rt_entry_li                            0x080001b9   Thumb Code     0  __rtentry2.o(.ARM.Collect$$rtentry$$0000000A)
    __rt_entry_postsh_1                      0x080001b9   Thumb Code     0  __rtentry2.o(.ARM.Collect$$rtentry$$00000009)
    __rt_entry_main                          0x080001bd   Thumb Code     0  __rtentry2.o(.ARM.Collect$$rtentry$$0000000D)
    __rt_entry_postli_1                      0x080001bd   Thumb Code     0  __rtentry2.o(.ARM.Collect$$rtentry$$0000000C)
    __rt_exit                                0x080001c5   Thumb Code     0  rtexit.o(.ARM.Collect$$rtexit$$00000000)
    __rt_exit_ls                             0x080001c7   Thumb Code     0  rtexit2.o(.ARM.Collect$$rtexit$$00000003)
    __rt_exit_prels_1                        0x080001c7   Thumb Code     0  rtexit2.o(.ARM.Collect$$rtexit$$00000002)
    __rt_exit_exit                           0x080001cb   Thumb Code     0  rtexit2.o(.ARM.Collect$$rtexit$$00000004)
    Reset_Handler                            0x080001d1   Thumb Code     8  startup_stm32f10x_md.o(.text)
    ADC1_2_IRQHandler                        0x080001eb   Thumb Code     0  startup_stm32f10x_md.o(.text)
    CAN1_RX1_IRQHandler                      0x080001eb   Thumb Code     0  startup_stm32f10x_md.o(.text)
    CAN1_SCE_IRQHandler                      0x080001eb   Thumb Code     0  startup_stm32f10x_md.o(.text)
    DMA1_Channel1_IRQHandler                 0x080001eb   Thumb Code     0  startup_stm32f10x_md.o(.text)
    DMA1_Channel3_IRQHandler                 0x080001eb   Thumb Code     0  startup_stm32f10x_md.o(.text)
    DMA1_Channel4_IRQHandler                 0x080001eb   Thumb Code     0  startup_stm32f10x_md.o(.text)
    DMA1_Channel5_IRQHandler                 0x080001eb   Thumb Code     0  startup_stm32f10x_md.o(.text)
    DMA1_Channel6_IRQHandler                 0x080001eb   Thumb Code     0  startup_stm32f10x_md.o(.text)
    DMA1_Channel7_IRQHandler                 0x080001eb   Thumb Code     0  startup_stm32f10x_md.o(.text)
    EXTI0_IRQHandler                         0x080001eb   Thumb Code     0  startup_stm32f10x_md.o(.text)
    EXTI15_10_IRQHandler                     0x080001eb   Thumb Code     0  startup_stm32f10x_md.o(.text)
    EXTI1_IRQHandler                         0x080001eb   Thumb Code     0  startup_stm32f10x_md.o(.text)
    EXTI2_IRQHandler                         0x080001eb   Thumb Code     0  startup_stm32f10x_md.o(.text)
    EXTI3_IRQHandler                         0x080001eb   Thumb Code     0  startup_stm32f10x_md.o(.text)
    EXTI4_IRQHandler                         0x080001eb   Thumb Code     0  startup_stm32f10x_md.o(.text)
    EXTI9_5_IRQHandler                       0x080001eb   Thumb Code     0  startup_stm32f10x_md.o(.text)
    FLASH_IRQHandler                         0x080001eb   Thumb Code     0  startup_stm32f10x_md.o(.text)
    I2C1_ER_IRQHandler                       0x080001eb   Thumb Code     0  startup_stm32f10x_md.o(.text)
    I2C1_EV_IRQHandler                       0x080001eb   Thumb Code     0  startup_stm32f10x_md.o(.text)
    I2C2_ER_IRQHandler                       0x080001eb   Thumb Code     0  startup_stm32f10x_md.o(.text)
    I2C2_EV_IRQHandler                       0x080001eb   Thumb Code     0  startup_stm32f10x_md.o(.text)
    PVD_IRQHandler                           0x080001eb   Thumb Code     0  startup_stm32f10x_md.o(.text)
    RCC_IRQHandler                           0x080001eb   Thumb Code     0  startup_stm32f10x_md.o(.text)
    RTCAlarm_IRQHandler                      0x080001eb   Thumb Code     0  startup_stm32f10x_md.o(.text)
    RTC_IRQHandler                           0x080001eb   Thumb Code     0  startup_stm32f10x_md.o(.text)
    SPI1_IRQHandler                          0x080001eb   Thumb Code     0  startup_stm32f10x_md.o(.text)
    SPI2_IRQHandler                          0x080001eb   Thumb Code     0  startup_stm32f10x_md.o(.text)
    TAMPER_IRQHandler                        0x080001eb   Thumb Code     0  startup_stm32f10x_md.o(.text)
    TIM1_BRK_IRQHandler                      0x080001eb   Thumb Code     0  startup_stm32f10x_md.o(.text)
    TIM1_CC_IRQHandler                       0x080001eb   Thumb Code     0  startup_stm32f10x_md.o(.text)
    TIM1_TRG_COM_IRQHandler                  0x080001eb   Thumb Code     0  startup_stm32f10x_md.o(.text)
    TIM2_IRQHandler                          0x080001eb   Thumb Code     0  startup_stm32f10x_md.o(.text)
    TIM3_IRQHandler                          0x080001eb   Thumb Code     0  startup_stm32f10x_md.o(.text)
    TIM4_IRQHandler                          0x080001eb   Thumb Code     0  startup_stm32f10x_md.o(.text)
    USART2_IRQHandler                        0x080001eb   Thumb Code     0  startup_stm32f10x_md.o(.text)
    USART3_IRQHandler                        0x080001eb   Thumb Code     0  startup_stm32f10x_md.o(.text)
    USBWakeUp_IRQHandler                     0x080001eb   Thumb Code     0  startup_stm32f10x_md.o(.text)
    USB_HP_CAN1_TX_IRQHandler                0x080001eb   Thumb Code     0  startup_stm32f10x_md.o(.text)
    USB_LP_CAN1_RX0_IRQHandler               0x080001eb   Thumb Code     0  startup_stm32f10x_md.o(.text)
    WWDG_IRQHandler                          0x080001eb   Thumb Code     0  startup_stm32f10x_md.o(.text)
    __user_initial_stackheap                 0x080001ed   Thumb Code     0  startup_stm32f10x_md.o(.text)
    __use_no_semihosting                     0x08000211   Thumb Code     2  use_no_semi_2.o(.text)
    __2printf                                0x08000215   Thumb Code    20  noretval__2printf.o(.text)
    __printf                                 0x0800022d   Thumb Code   104  __printf.o(.text)
    _printf_int_dec                          0x08000295   Thumb Code   104  _printf_dec.o(.text)
    __aeabi_memclr4                          0x0800030d   Thumb Code     0  rt_memclr_w.o(.text)
    __aeabi_memclr8                          0x0800030d   Thumb Code     0  rt_memclr_w.o(.text)
    __rt_memclr_w                            0x0800030d   Thumb Code    78  rt_memclr_w.o(.text)
    _memset_w                                0x08000311   Thumb Code     0  rt_memclr_w.o(.text)
    __use_two_region_memory                  0x0800035b   Thumb Code     2  heapauxi.o(.text)
    __rt_heap_escrow$2region                 0x0800035d   Thumb Code     2  heapauxi.o(.text)
    __rt_heap_expand$2region                 0x0800035f   Thumb Code     2  heapauxi.o(.text)
    __I$use$semihosting                      0x08000361   Thumb Code     0  use_no_semi.o(.text)
    __use_no_semihosting_swi                 0x08000361   Thumb Code     2  use_no_semi.o(.text)
    _printf_int_common                       0x08000363   Thumb Code   178  _printf_intcommon.o(.text)
    _printf_char_file                        0x08000415   Thumb Code    32  _printf_char_file.o(.text)
    _printf_char_common                      0x08000443   Thumb Code    32  _printf_char_common.o(.text)
    ferror                                   0x08000469   Thumb Code     8  ferror.o(.text)
    __user_setup_stackheap                   0x08000471   Thumb Code    74  sys_stackheap_outer.o(.text)
    exit                                     0x080004bb   Thumb Code    18  exit.o(.text)
    __user_libspace                          0x080004cd   Thumb Code     8  libspace.o(.text)
    __user_perproc_libspace                  0x080004cd   Thumb Code     0  libspace.o(.text)
    __user_perthread_libspace                0x080004cd   Thumb Code     0  libspace.o(.text)
    BusFault_Handler                         0x080004d5   Thumb Code     4  stm32f10x_it.o(i.BusFault_Handler)
    DMA1_Channel2_IRQHandler                 0x080004d9   Thumb Code    32  stm32f10x_it.o(i.DMA1_Channel2_IRQHandler)
    DMA_CHANNEL2_INT_TC_Callback             0x080004fd   Thumb Code     2  tim.o(i.DMA_CHANNEL2_INT_TC_Callback)
    DMA_ClearITPendingBit                    0x08000501   Thumb Code    18  stm32f10x_dma.o(i.DMA_ClearITPendingBit)
    DMA_Cmd                                  0x0800051d   Thumb Code    24  stm32f10x_dma.o(i.DMA_Cmd)
    DMA_DeInit                               0x08000535   Thumb Code   324  stm32f10x_dma.o(i.DMA_DeInit)
    DMA_GetITStatus                          0x08000681   Thumb Code    36  stm32f10x_dma.o(i.DMA_GetITStatus)
    DMA_ITConfig                             0x080006ad   Thumb Code    18  stm32f10x_dma.o(i.DMA_ITConfig)
    DMA_Init                                 0x080006bf   Thumb Code    60  stm32f10x_dma.o(i.DMA_Init)
    DMA_SetCurrDataCounter                   0x080006fb   Thumb Code     4  stm32f10x_dma.o(i.DMA_SetCurrDataCounter)
    DebugMon_Handler                         0x080006ff   Thumb Code     2  stm32f10x_it.o(i.DebugMon_Handler)
    GPIO_Init                                0x08000701   Thumb Code   278  stm32f10x_gpio.o(i.GPIO_Init)
    GPIO_ReadOutputDataBit                   0x08000817   Thumb Code    18  stm32f10x_gpio.o(i.GPIO_ReadOutputDataBit)
    GPIO_SetBits                             0x08000829   Thumb Code     4  stm32f10x_gpio.o(i.GPIO_SetBits)
    GPIO_WriteBit                            0x0800082d   Thumb Code    10  stm32f10x_gpio.o(i.GPIO_WriteBit)
    HardFault_Handler                        0x08000837   Thumb Code     4  stm32f10x_it.o(i.HardFault_Handler)
    IWDG_Enable                              0x0800083d   Thumb Code    10  stm32f10x_iwdg.o(i.IWDG_Enable)
    IWDG_ReloadCounter                       0x0800084d   Thumb Code    10  stm32f10x_iwdg.o(i.IWDG_ReloadCounter)
    IWDG_SetPrescaler                        0x0800085d   Thumb Code     6  stm32f10x_iwdg.o(i.IWDG_SetPrescaler)
    IWDG_SetReload                           0x08000869   Thumb Code     6  stm32f10x_iwdg.o(i.IWDG_SetReload)
    IWDG_WriteAccessCmd                      0x08000875   Thumb Code     6  stm32f10x_iwdg.o(i.IWDG_WriteAccessCmd)
    MemManage_Handler                        0x08000881   Thumb Code     4  stm32f10x_it.o(i.MemManage_Handler)
    NMI_Handler                              0x08000885   Thumb Code     2  stm32f10x_it.o(i.NMI_Handler)
    NVIC_Init                                0x08000889   Thumb Code   100  misc.o(i.NVIC_Init)
    NVIC_PriorityGroupConfig                 0x080008f9   Thumb Code    10  misc.o(i.NVIC_PriorityGroupConfig)
    PendSV_Handler                           0x0800090d   Thumb Code     2  stm32f10x_it.o(i.PendSV_Handler)
    RCC_AHBPeriphClockCmd                    0x08000911   Thumb Code    26  stm32f10x_rcc.o(i.RCC_AHBPeriphClockCmd)
    RCC_APB2PeriphClockCmd                   0x08000931   Thumb Code    26  stm32f10x_rcc.o(i.RCC_APB2PeriphClockCmd)
    RCC_GetClocksFreq                        0x08000951   Thumb Code   192  stm32f10x_rcc.o(i.RCC_GetClocksFreq)
    SPI1_CS_Ctrl                             0x08000a25   Thumb Code    30  wk2124.o(i.SPI1_CS_Ctrl)
    SPI_Cmd                                  0x08000a49   Thumb Code    24  stm32f10x_spi.o(i.SPI_Cmd)
    SPI_I2S_GetFlagStatus                    0x08000a61   Thumb Code    18  stm32f10x_spi.o(i.SPI_I2S_GetFlagStatus)
    SPI_I2S_ReceiveData                      0x08000a73   Thumb Code     6  stm32f10x_spi.o(i.SPI_I2S_ReceiveData)
    SPI_I2S_SendData                         0x08000a79   Thumb Code     4  stm32f10x_spi.o(i.SPI_I2S_SendData)
    SPI_Init                                 0x08000a7d   Thumb Code    60  stm32f10x_spi.o(i.SPI_Init)
    SPI_ReadWrite_Byte                       0x08000ab9   Thumb Code    80  spi.o(i.SPI_ReadWrite_Byte)
    SPI_ReadWrite_Bytes                      0x08000b09   Thumb Code    40  spi.o(i.SPI_ReadWrite_Bytes)
    SVC_Handler                              0x08000b31   Thumb Code     2  stm32f10x_it.o(i.SVC_Handler)
    SysTick_CLKSourceConfig                  0x08000c1d   Thumb Code    40  misc.o(i.SysTick_CLKSourceConfig)
    SysTick_Handler                          0x08000c45   Thumb Code     2  stm32f10x_it.o(i.SysTick_Handler)
    SystemCoreClockUpdate                    0x08000c49   Thumb Code   142  system_stm32f10x.o(i.SystemCoreClockUpdate)
    SystemInit                               0x08000ced   Thumb Code    78  system_stm32f10x.o(i.SystemInit)
    TIM1_INT_UPDATE_Callback                 0x08000d4d   Thumb Code     2  tim.o(i.TIM1_INT_UPDATE_Callback)
    TIM1_UP_IRQHandler                       0x08000d51   Thumb Code    28  stm32f10x_it.o(i.TIM1_UP_IRQHandler)
    TIM_ClearFlag                            0x08000d71   Thumb Code     6  stm32f10x_tim.o(i.TIM_ClearFlag)
    TIM_ClearITPendingBit                    0x08000d77   Thumb Code     6  stm32f10x_tim.o(i.TIM_ClearITPendingBit)
    TIM_Cmd                                  0x08000d7d   Thumb Code    24  stm32f10x_tim.o(i.TIM_Cmd)
    TIM_CtrlPWMOutputs                       0x08000d95   Thumb Code    30  stm32f10x_tim.o(i.TIM_CtrlPWMOutputs)
    TIM_DMACmd                               0x08000db3   Thumb Code    18  stm32f10x_tim.o(i.TIM_DMACmd)
    TIM_GetITStatus                          0x08000dc5   Thumb Code    34  stm32f10x_tim.o(i.TIM_GetITStatus)
    TIM_ITConfig                             0x08000de7   Thumb Code    18  stm32f10x_tim.o(i.TIM_ITConfig)
    TIM_OC1Init                              0x08000df9   Thumb Code   132  stm32f10x_tim.o(i.TIM_OC1Init)
    TIM_OC1PreloadConfig                     0x08000e91   Thumb Code    18  stm32f10x_tim.o(i.TIM_OC1PreloadConfig)
    TIM_TimeBaseInit                         0x08000ea5   Thumb Code   122  stm32f10x_tim.o(i.TIM_TimeBaseInit)
    USART1_INT_IDLE_Callback                 0x08000f49   Thumb Code    22  uart.o(i.USART1_INT_IDLE_Callback)
    USART1_INT_RXNE_Callback                 0x08000f6d   Thumb Code    24  uart.o(i.USART1_INT_RXNE_Callback)
    USART1_IRQHandler                        0x08000f91   Thumb Code    72  stm32f10x_it.o(i.USART1_IRQHandler)
    USART_ClearITPendingBit                  0x08000fdd   Thumb Code    30  stm32f10x_usart.o(i.USART_ClearITPendingBit)
    USART_Cmd                                0x08000ffb   Thumb Code    24  stm32f10x_usart.o(i.USART_Cmd)
    USART_GetFlagStatus                      0x08001013   Thumb Code    26  stm32f10x_usart.o(i.USART_GetFlagStatus)
    USART_GetITStatus                        0x0800102d   Thumb Code    84  stm32f10x_usart.o(i.USART_GetITStatus)
    USART_ITConfig                           0x08001081   Thumb Code    74  stm32f10x_usart.o(i.USART_ITConfig)
    USART_Init                               0x080010cd   Thumb Code   210  stm32f10x_usart.o(i.USART_Init)
    USART_SendData                           0x080011a5   Thumb Code     8  stm32f10x_usart.o(i.USART_SendData)
    UsageFault_Handler                       0x080011ad   Thumb Code     4  stm32f10x_it.o(i.UsageFault_Handler)
    WK2124_TransmitReceive                   0x080011b1   Thumb Code    34  wk2124.o(i.WK2124_TransmitReceive)
    Wk2xxxRstInit                            0x080011d9   Thumb Code    36  wk2124.o(i.Wk2xxxRstInit)
    WkReadGlobalRegister                     0x08001201   Thumb Code    34  wk2124.o(i.WkReadGlobalRegister)
    WkReadSlaveRegister                      0x08001223   Thumb Code    38  wk2124.o(i.WkReadSlaveRegister)
    WkUartInit                               0x08001249   Thumb Code   192  wk2124.o(i.WkUartInit)
    WkUartSetBaud                            0x08001309   Thumb Code   158  wk2124.o(i.WkUartSetBaud)
    WkUartTxChars                            0x080013c5   Thumb Code    22  wk2124.o(i.WkUartTxChars)
    WkWriteGlobalRegister                    0x080013db   Thumb Code    28  wk2124.o(i.WkWriteGlobalRegister)
    WkWriteSlaveFifo                         0x080013f7   Thumb Code    68  wk2124.o(i.WkWriteSlaveFifo)
    WkWriteSlaveRegister                     0x0800143b   Thumb Code    44  wk2124.o(i.WkWriteSlaveRegister)
    _sys_exit                                0x08001467   Thumb Code     4  private_cfg.o(i._sys_exit)
    delay_ms                                 0x0800146b   Thumb Code    24  delay.o(i.delay_ms)
    delay_us                                 0x08001485   Thumb Code    72  delay.o(i.delay_us)
    dma_channel2_tc_it_enable                0x080014d1   Thumb Code    46  tim.o(i.dma_channel2_tc_it_enable)
    fputc                                    0x08001505   Thumb Code    24  private_cfg.o(i.fputc)
    idog_init                                0x08001521   Thumb Code    36  idog.o(i.idog_init)
    idog_restart                             0x08001545   Thumb Code     8  idog.o(i.idog_restart)
    led_init                                 0x0800154d   Thumb Code    42  led.o(i.led_init)
    led_toggle                               0x0800157d   Thumb Code    40  led.o(i.led_toggle)
    main                                     0x080015a9   Thumb Code   178  main.o(i.main)
    spi1_init                                0x080016c5   Thumb Code   190  spi.o(i.spi1_init)
    systick_delay_init                       0x0800178d   Thumb Code    28  delay.o(i.systick_delay_init)
    tim1_base_init                           0x080017b1   Thumb Code    66  tim.o(i.tim1_base_init)
    tim1_pwm_dma_init                        0x080017f9   Thumb Code   100  tim.o(i.tim1_pwm_dma_init)
    tim1_pwm_init                            0x08001869   Thumb Code   120  tim.o(i.tim1_pwm_init)
    tim1_update_it_enable                    0x080018e9   Thumb Code    52  tim.o(i.tim1_update_it_enable)
    uart_transmit                            0x08001921   Thumb Code    64  uart.o(i.uart_transmit)
    usart1_uart_init                         0x08001961   Thumb Code   184  uart.o(i.usart1_uart_init)
    wk2124_init                              0x08001a21   Thumb Code    46  wk2124.o(i.wk2124_init)
    Region$$Table$$Base                      0x08001a54   Number         0  anon$$obj.o(Region$$Table)
    Region$$Table$$Limit                     0x08001a74   Number         0  anon$$obj.o(Region$$Table)
    SystemCoreClock                          0x20000014   Data           4  system_stm32f10x.o(.data)
    AHBPrescTable                            0x20000018   Data          16  system_stm32f10x.o(.data)
    __stdout                                 0x20000028   Data           4  private_cfg.o(.data)
    us_num                                   0x2000002c   Data           4  delay.o(.data)
    ms_num                                   0x20000030   Data           4  delay.o(.data)
    usart1_rec_number                        0x20000034   Data           2  uart.o(.data)
    tim1_pwm_dma_buf                         0x20000038   Data         400  tim.o(.data)
    usart1_rec_buf                           0x200001c8   Data         100  uart.o(.bss)
    __libspace_start                         0x2000022c   Data          96  libspace.o(.bss)
    __temporary_stack_top$libspace           0x2000028c   Data           0  libspace.o(.bss)



==============================================================================

Memory Map of the image

  Image Entry point : 0x080000ed

  Load Region LR_IROM1 (Base: 0x08000000, Size: 0x00001c3c, Max: 0x00010000, ABSOLUTE, COMPRESSED[0x00001aac])

    Execution Region ER_IROM1 (Exec base: 0x08000000, Load base: 0x08000000, Size: 0x00001a74, Max: 0x00010000, ABSOLUTE)

    Exec Addr    Load Addr    Size         Type   Attr      Idx    E Section Name        Object

    0x08000000   0x08000000   0x000000ec   Data   RO           19    RESET               startup_stm32f10x_md.o
    0x080000ec   0x080000ec   0x00000008   Code   RO         3733  * !!!main             c_w.l(__main.o)
    0x080000f4   0x080000f4   0x00000034   Code   RO         3905    !!!scatter          c_w.l(__scatter.o)
    0x08000128   0x08000128   0x0000005a   Code   RO         3903    !!dczerorl2         c_w.l(__dczerorl2.o)
    0x08000182   0x08000182   0x00000002   PAD
    0x08000184   0x08000184   0x0000001c   Code   RO         3907    !!handler_zi        c_w.l(__scatter_zi.o)
    0x080001a0   0x080001a0   0x00000000   Code   RO         3728    .ARM.Collect$$_printf_percent$$00000000  c_w.l(_printf_percent.o)
    0x080001a0   0x080001a0   0x00000006   Code   RO         3727    .ARM.Collect$$_printf_percent$$00000009  c_w.l(_printf_d.o)
    0x080001a6   0x080001a6   0x00000004   Code   RO         3742    .ARM.Collect$$_printf_percent$$00000017  c_w.l(_printf_percent_end.o)
    0x080001aa   0x080001aa   0x00000002   Code   RO         3775    .ARM.Collect$$libinit$$00000000  c_w.l(libinit.o)
    0x080001ac   0x080001ac   0x00000000   Code   RO         3782    .ARM.Collect$$libinit$$00000002  c_w.l(libinit2.o)
    0x080001ac   0x080001ac   0x00000000   Code   RO         3784    .ARM.Collect$$libinit$$00000004  c_w.l(libinit2.o)
    0x080001ac   0x080001ac   0x00000000   Code   RO         3787    .ARM.Collect$$libinit$$0000000A  c_w.l(libinit2.o)
    0x080001ac   0x080001ac   0x00000000   Code   RO         3789    .ARM.Collect$$libinit$$0000000C  c_w.l(libinit2.o)
    0x080001ac   0x080001ac   0x00000000   Code   RO         3791    .ARM.Collect$$libinit$$0000000E  c_w.l(libinit2.o)
    0x080001ac   0x080001ac   0x00000000   Code   RO         3794    .ARM.Collect$$libinit$$00000011  c_w.l(libinit2.o)
    0x080001ac   0x080001ac   0x00000000   Code   RO         3796    .ARM.Collect$$libinit$$00000013  c_w.l(libinit2.o)
    0x080001ac   0x080001ac   0x00000000   Code   RO         3798    .ARM.Collect$$libinit$$00000015  c_w.l(libinit2.o)
    0x080001ac   0x080001ac   0x00000000   Code   RO         3800    .ARM.Collect$$libinit$$00000017  c_w.l(libinit2.o)
    0x080001ac   0x080001ac   0x00000000   Code   RO         3802    .ARM.Collect$$libinit$$00000019  c_w.l(libinit2.o)
    0x080001ac   0x080001ac   0x00000000   Code   RO         3804    .ARM.Collect$$libinit$$0000001B  c_w.l(libinit2.o)
    0x080001ac   0x080001ac   0x00000000   Code   RO         3806    .ARM.Collect$$libinit$$0000001D  c_w.l(libinit2.o)
    0x080001ac   0x080001ac   0x00000000   Code   RO         3808    .ARM.Collect$$libinit$$0000001F  c_w.l(libinit2.o)
    0x080001ac   0x080001ac   0x00000000   Code   RO         3810    .ARM.Collect$$libinit$$00000021  c_w.l(libinit2.o)
    0x080001ac   0x080001ac   0x00000000   Code   RO         3812    .ARM.Collect$$libinit$$00000023  c_w.l(libinit2.o)
    0x080001ac   0x080001ac   0x00000000   Code   RO         3814    .ARM.Collect$$libinit$$00000025  c_w.l(libinit2.o)
    0x080001ac   0x080001ac   0x00000000   Code   RO         3818    .ARM.Collect$$libinit$$0000002C  c_w.l(libinit2.o)
    0x080001ac   0x080001ac   0x00000000   Code   RO         3820    .ARM.Collect$$libinit$$0000002E  c_w.l(libinit2.o)
    0x080001ac   0x080001ac   0x00000000   Code   RO         3822    .ARM.Collect$$libinit$$00000030  c_w.l(libinit2.o)
    0x080001ac   0x080001ac   0x00000000   Code   RO         3824    .ARM.Collect$$libinit$$00000032  c_w.l(libinit2.o)
    0x080001ac   0x080001ac   0x00000002   Code   RO         3825    .ARM.Collect$$libinit$$00000033  c_w.l(libinit2.o)
    0x080001ae   0x080001ae   0x00000002   Code   RO         3843    .ARM.Collect$$libshutdown$$00000000  c_w.l(libshutdown.o)
    0x080001b0   0x080001b0   0x00000000   Code   RO         3853    .ARM.Collect$$libshutdown$$00000002  c_w.l(libshutdown2.o)
    0x080001b0   0x080001b0   0x00000000   Code   RO         3855    .ARM.Collect$$libshutdown$$00000004  c_w.l(libshutdown2.o)
    0x080001b0   0x080001b0   0x00000000   Code   RO         3857    .ARM.Collect$$libshutdown$$00000006  c_w.l(libshutdown2.o)
    0x080001b0   0x080001b0   0x00000000   Code   RO         3860    .ARM.Collect$$libshutdown$$00000009  c_w.l(libshutdown2.o)
    0x080001b0   0x080001b0   0x00000000   Code   RO         3863    .ARM.Collect$$libshutdown$$0000000C  c_w.l(libshutdown2.o)
    0x080001b0   0x080001b0   0x00000000   Code   RO         3865    .ARM.Collect$$libshutdown$$0000000E  c_w.l(libshutdown2.o)
    0x080001b0   0x080001b0   0x00000000   Code   RO         3868    .ARM.Collect$$libshutdown$$00000011  c_w.l(libshutdown2.o)
    0x080001b0   0x080001b0   0x00000002   Code   RO         3869    .ARM.Collect$$libshutdown$$00000012  c_w.l(libshutdown2.o)
    0x080001b2   0x080001b2   0x00000000   Code   RO         3737    .ARM.Collect$$rtentry$$00000000  c_w.l(__rtentry.o)
    0x080001b2   0x080001b2   0x00000000   Code   RO         3744    .ARM.Collect$$rtentry$$00000002  c_w.l(__rtentry2.o)
    0x080001b2   0x080001b2   0x00000006   Code   RO         3756    .ARM.Collect$$rtentry$$00000004  c_w.l(__rtentry4.o)
    0x080001b8   0x080001b8   0x00000000   Code   RO         3746    .ARM.Collect$$rtentry$$00000009  c_w.l(__rtentry2.o)
    0x080001b8   0x080001b8   0x00000004   Code   RO         3747    .ARM.Collect$$rtentry$$0000000A  c_w.l(__rtentry2.o)
    0x080001bc   0x080001bc   0x00000000   Code   RO         3749    .ARM.Collect$$rtentry$$0000000C  c_w.l(__rtentry2.o)
    0x080001bc   0x080001bc   0x00000008   Code   RO         3750    .ARM.Collect$$rtentry$$0000000D  c_w.l(__rtentry2.o)
    0x080001c4   0x080001c4   0x00000002   Code   RO         3779    .ARM.Collect$$rtexit$$00000000  c_w.l(rtexit.o)
    0x080001c6   0x080001c6   0x00000000   Code   RO         3827    .ARM.Collect$$rtexit$$00000002  c_w.l(rtexit2.o)
    0x080001c6   0x080001c6   0x00000004   Code   RO         3828    .ARM.Collect$$rtexit$$00000003  c_w.l(rtexit2.o)
    0x080001ca   0x080001ca   0x00000006   Code   RO         3829    .ARM.Collect$$rtexit$$00000004  c_w.l(rtexit2.o)
    0x080001d0   0x080001d0   0x00000040   Code   RO           20    .text               startup_stm32f10x_md.o
    0x08000210   0x08000210   0x00000002   Code   RO         3675    .text               c_w.l(use_no_semi_2.o)
    0x08000212   0x08000212   0x00000002   PAD
    0x08000214   0x08000214   0x00000018   Code   RO         3679    .text               c_w.l(noretval__2printf.o)
    0x0800022c   0x0800022c   0x00000068   Code   RO         3681    .text               c_w.l(__printf.o)
    0x08000294   0x08000294   0x00000078   Code   RO         3683    .text               c_w.l(_printf_dec.o)
    0x0800030c   0x0800030c   0x0000004e   Code   RO         3729    .text               c_w.l(rt_memclr_w.o)
    0x0800035a   0x0800035a   0x00000006   Code   RO         3731    .text               c_w.l(heapauxi.o)
    0x08000360   0x08000360   0x00000002   Code   RO         3735    .text               c_w.l(use_no_semi.o)
    0x08000362   0x08000362   0x000000b2   Code   RO         3738    .text               c_w.l(_printf_intcommon.o)
    0x08000414   0x08000414   0x00000024   Code   RO         3740    .text               c_w.l(_printf_char_file.o)
    0x08000438   0x08000438   0x00000030   Code   RO         3758    .text               c_w.l(_printf_char_common.o)
    0x08000468   0x08000468   0x00000008   Code   RO         3760    .text               c_w.l(ferror.o)
    0x08000470   0x08000470   0x0000004a   Code   RO         3764    .text               c_w.l(sys_stackheap_outer.o)
    0x080004ba   0x080004ba   0x00000012   Code   RO         3768    .text               c_w.l(exit.o)
    0x080004cc   0x080004cc   0x00000008   Code   RO         3776    .text               c_w.l(libspace.o)
    0x080004d4   0x080004d4   0x00000004   Code   RO         3151    i.BusFault_Handler  stm32f10x_it.o
    0x080004d8   0x080004d8   0x00000024   Code   RO         3152    i.DMA1_Channel2_IRQHandler  stm32f10x_it.o
    0x080004fc   0x080004fc   0x00000002   Code   RO         3401    i.DMA_CHANNEL2_INT_TC_Callback  tim.o
    0x080004fe   0x080004fe   0x00000002   PAD
    0x08000500   0x08000500   0x0000001c   Code   RO          833    i.DMA_ClearITPendingBit  stm32f10x_dma.o
    0x0800051c   0x0800051c   0x00000018   Code   RO          834    i.DMA_Cmd           stm32f10x_dma.o
    0x08000534   0x08000534   0x0000014c   Code   RO          835    i.DMA_DeInit        stm32f10x_dma.o
    0x08000680   0x08000680   0x0000002c   Code   RO          838    i.DMA_GetITStatus   stm32f10x_dma.o
    0x080006ac   0x080006ac   0x00000012   Code   RO          839    i.DMA_ITConfig      stm32f10x_dma.o
    0x080006be   0x080006be   0x0000003c   Code   RO          840    i.DMA_Init          stm32f10x_dma.o
    0x080006fa   0x080006fa   0x00000004   Code   RO          841    i.DMA_SetCurrDataCounter  stm32f10x_dma.o
    0x080006fe   0x080006fe   0x00000002   Code   RO         3153    i.DebugMon_Handler  stm32f10x_it.o
    0x08000700   0x08000700   0x00000116   Code   RO         1258    i.GPIO_Init         stm32f10x_gpio.o
    0x08000816   0x08000816   0x00000012   Code   RO         1264    i.GPIO_ReadOutputDataBit  stm32f10x_gpio.o
    0x08000828   0x08000828   0x00000004   Code   RO         1266    i.GPIO_SetBits      stm32f10x_gpio.o
    0x0800082c   0x0800082c   0x0000000a   Code   RO         1269    i.GPIO_WriteBit     stm32f10x_gpio.o
    0x08000836   0x08000836   0x00000004   Code   RO         3154    i.HardFault_Handler  stm32f10x_it.o
    0x0800083a   0x0800083a   0x00000002   PAD
    0x0800083c   0x0800083c   0x00000010   Code   RO         1570    i.IWDG_Enable       stm32f10x_iwdg.o
    0x0800084c   0x0800084c   0x00000010   Code   RO         1572    i.IWDG_ReloadCounter  stm32f10x_iwdg.o
    0x0800085c   0x0800085c   0x0000000c   Code   RO         1573    i.IWDG_SetPrescaler  stm32f10x_iwdg.o
    0x08000868   0x08000868   0x0000000c   Code   RO         1574    i.IWDG_SetReload    stm32f10x_iwdg.o
    0x08000874   0x08000874   0x0000000c   Code   RO         1575    i.IWDG_WriteAccessCmd  stm32f10x_iwdg.o
    0x08000880   0x08000880   0x00000004   Code   RO         3155    i.MemManage_Handler  stm32f10x_it.o
    0x08000884   0x08000884   0x00000002   Code   RO         3156    i.NMI_Handler       stm32f10x_it.o
    0x08000886   0x08000886   0x00000002   PAD
    0x08000888   0x08000888   0x00000070   Code   RO           24    i.NVIC_Init         misc.o
    0x080008f8   0x080008f8   0x00000014   Code   RO           25    i.NVIC_PriorityGroupConfig  misc.o
    0x0800090c   0x0800090c   0x00000002   Code   RO         3157    i.PendSV_Handler    stm32f10x_it.o
    0x0800090e   0x0800090e   0x00000002   PAD
    0x08000910   0x08000910   0x00000020   Code   RO         1673    i.RCC_AHBPeriphClockCmd  stm32f10x_rcc.o
    0x08000930   0x08000930   0x00000020   Code   RO         1676    i.RCC_APB2PeriphClockCmd  stm32f10x_rcc.o
    0x08000950   0x08000950   0x000000d4   Code   RO         1684    i.RCC_GetClocksFreq  stm32f10x_rcc.o
    0x08000a24   0x08000a24   0x00000024   Code   RO         3559    i.SPI1_CS_Ctrl      wk2124.o
    0x08000a48   0x08000a48   0x00000018   Code   RO         2153    i.SPI_Cmd           stm32f10x_spi.o
    0x08000a60   0x08000a60   0x00000012   Code   RO         2161    i.SPI_I2S_GetFlagStatus  stm32f10x_spi.o
    0x08000a72   0x08000a72   0x00000006   Code   RO         2164    i.SPI_I2S_ReceiveData  stm32f10x_spi.o
    0x08000a78   0x08000a78   0x00000004   Code   RO         2165    i.SPI_I2S_SendData  stm32f10x_spi.o
    0x08000a7c   0x08000a7c   0x0000003c   Code   RO         2166    i.SPI_Init          stm32f10x_spi.o
    0x08000ab8   0x08000ab8   0x00000050   Code   RO         3511    i.SPI_ReadWrite_Byte  spi.o
    0x08000b08   0x08000b08   0x00000028   Code   RO         3512    i.SPI_ReadWrite_Bytes  spi.o
    0x08000b30   0x08000b30   0x00000002   Code   RO         3158    i.SVC_Handler       stm32f10x_it.o
    0x08000b32   0x08000b32   0x00000008   Code   RO         3232    i.SetSysClock       system_stm32f10x.o
    0x08000b3a   0x08000b3a   0x00000002   PAD
    0x08000b3c   0x08000b3c   0x000000e0   Code   RO         3233    i.SetSysClockTo72   system_stm32f10x.o
    0x08000c1c   0x08000c1c   0x00000028   Code   RO           28    i.SysTick_CLKSourceConfig  misc.o
    0x08000c44   0x08000c44   0x00000002   Code   RO         3159    i.SysTick_Handler   stm32f10x_it.o
    0x08000c46   0x08000c46   0x00000002   PAD
    0x08000c48   0x08000c48   0x000000a4   Code   RO         3234    i.SystemCoreClockUpdate  system_stm32f10x.o
    0x08000cec   0x08000cec   0x00000060   Code   RO         3235    i.SystemInit        system_stm32f10x.o
    0x08000d4c   0x08000d4c   0x00000002   Code   RO         3402    i.TIM1_INT_UPDATE_Callback  tim.o
    0x08000d4e   0x08000d4e   0x00000002   PAD
    0x08000d50   0x08000d50   0x00000020   Code   RO         3160    i.TIM1_UP_IRQHandler  stm32f10x_it.o
    0x08000d70   0x08000d70   0x00000006   Code   RO         2302    i.TIM_ClearFlag     stm32f10x_tim.o
    0x08000d76   0x08000d76   0x00000006   Code   RO         2303    i.TIM_ClearITPendingBit  stm32f10x_tim.o
    0x08000d7c   0x08000d7c   0x00000018   Code   RO         2308    i.TIM_Cmd           stm32f10x_tim.o
    0x08000d94   0x08000d94   0x0000001e   Code   RO         2310    i.TIM_CtrlPWMOutputs  stm32f10x_tim.o
    0x08000db2   0x08000db2   0x00000012   Code   RO         2311    i.TIM_DMACmd        stm32f10x_tim.o
    0x08000dc4   0x08000dc4   0x00000022   Code   RO         2329    i.TIM_GetITStatus   stm32f10x_tim.o
    0x08000de6   0x08000de6   0x00000012   Code   RO         2333    i.TIM_ITConfig      stm32f10x_tim.o
    0x08000df8   0x08000df8   0x00000098   Code   RO         2337    i.TIM_OC1Init       stm32f10x_tim.o
    0x08000e90   0x08000e90   0x00000012   Code   RO         2340    i.TIM_OC1PreloadConfig  stm32f10x_tim.o
    0x08000ea2   0x08000ea2   0x00000002   PAD
    0x08000ea4   0x08000ea4   0x000000a4   Code   RO         2379    i.TIM_TimeBaseInit  stm32f10x_tim.o
    0x08000f48   0x08000f48   0x00000024   Code   RO         3364    i.USART1_INT_IDLE_Callback  uart.o
    0x08000f6c   0x08000f6c   0x00000024   Code   RO         3365    i.USART1_INT_RXNE_Callback  uart.o
    0x08000f90   0x08000f90   0x0000004c   Code   RO         3161    i.USART1_IRQHandler  stm32f10x_it.o
    0x08000fdc   0x08000fdc   0x0000001e   Code   RO         2841    i.USART_ClearITPendingBit  stm32f10x_usart.o
    0x08000ffa   0x08000ffa   0x00000018   Code   RO         2844    i.USART_Cmd         stm32f10x_usart.o
    0x08001012   0x08001012   0x0000001a   Code   RO         2847    i.USART_GetFlagStatus  stm32f10x_usart.o
    0x0800102c   0x0800102c   0x00000054   Code   RO         2848    i.USART_GetITStatus  stm32f10x_usart.o
    0x08001080   0x08001080   0x0000004a   Code   RO         2850    i.USART_ITConfig    stm32f10x_usart.o
    0x080010ca   0x080010ca   0x00000002   PAD
    0x080010cc   0x080010cc   0x000000d8   Code   RO         2851    i.USART_Init        stm32f10x_usart.o
    0x080011a4   0x080011a4   0x00000008   Code   RO         2861    i.USART_SendData    stm32f10x_usart.o
    0x080011ac   0x080011ac   0x00000004   Code   RO         3162    i.UsageFault_Handler  stm32f10x_it.o
    0x080011b0   0x080011b0   0x00000028   Code   RO         3560    i.WK2124_TransmitReceive  wk2124.o
    0x080011d8   0x080011d8   0x00000028   Code   RO         3561    i.Wk2xxxRstInit     wk2124.o
    0x08001200   0x08001200   0x00000022   Code   RO         3562    i.WkReadGlobalRegister  wk2124.o
    0x08001222   0x08001222   0x00000026   Code   RO         3564    i.WkReadSlaveRegister  wk2124.o
    0x08001248   0x08001248   0x000000c0   Code   RO         3567    i.WkUartInit        wk2124.o
    0x08001308   0x08001308   0x000000bc   Code   RO         3570    i.WkUartSetBaud     wk2124.o
    0x080013c4   0x080013c4   0x00000016   Code   RO         3571    i.WkUartTxChars     wk2124.o
    0x080013da   0x080013da   0x0000001c   Code   RO         3573    i.WkWriteGlobalRegister  wk2124.o
    0x080013f6   0x080013f6   0x00000044   Code   RO         3574    i.WkWriteSlaveFifo  wk2124.o
    0x0800143a   0x0800143a   0x0000002c   Code   RO         3575    i.WkWriteSlaveRegister  wk2124.o
    0x08001466   0x08001466   0x00000004   Code   RO         3270    i._sys_exit         private_cfg.o
    0x0800146a   0x0800146a   0x00000018   Code   RO         3334    i.delay_ms          delay.o
    0x08001482   0x08001482   0x00000002   PAD
    0x08001484   0x08001484   0x0000004c   Code   RO         3335    i.delay_us          delay.o
    0x080014d0   0x080014d0   0x00000034   Code   RO         3403    i.dma_channel2_tc_it_enable  tim.o
    0x08001504   0x08001504   0x0000001c   Code   RO         3271    i.fputc             private_cfg.o
    0x08001520   0x08001520   0x00000024   Code   RO         3541    i.idog_init         idog.o
    0x08001544   0x08001544   0x00000008   Code   RO         3542    i.idog_restart      idog.o
    0x0800154c   0x0800154c   0x00000030   Code   RO         3316    i.led_init          led.o
    0x0800157c   0x0800157c   0x0000002c   Code   RO         3317    i.led_toggle        led.o
    0x080015a8   0x080015a8   0x0000011c   Code   RO         3074    i.main              main.o
    0x080016c4   0x080016c4   0x000000c8   Code   RO         3514    i.spi1_init         spi.o
    0x0800178c   0x0800178c   0x00000024   Code   RO         3336    i.systick_delay_init  delay.o
    0x080017b0   0x080017b0   0x00000048   Code   RO         3404    i.tim1_base_init    tim.o
    0x080017f8   0x080017f8   0x00000070   Code   RO         3405    i.tim1_pwm_dma_init  tim.o
    0x08001868   0x08001868   0x00000080   Code   RO         3406    i.tim1_pwm_init     tim.o
    0x080018e8   0x080018e8   0x00000038   Code   RO         3407    i.tim1_update_it_enable  tim.o
    0x08001920   0x08001920   0x00000040   Code   RO         3366    i.uart_transmit     uart.o
    0x08001960   0x08001960   0x000000c0   Code   RO         3367    i.usart1_uart_init  uart.o
    0x08001a20   0x08001a20   0x00000034   Code   RO         3576    i.wk2124_init       wk2124.o
    0x08001a54   0x08001a54   0x00000020   Data   RO         3901    Region$$Table       anon$$obj.o


    Execution Region RW_IRAM1 (Exec base: 0x20000000, Load base: 0x08001a74, Size: 0x00000890, Max: 0x00005000, ABSOLUTE, COMPRESSED[0x00000038])

    Exec Addr    Load Addr    Size         Type   Attr      Idx    E Section Name        Object

    0x20000000   COMPRESSED   0x00000014   Data   RW         1704    .data               stm32f10x_rcc.o
    0x20000014   COMPRESSED   0x00000014   Data   RW         3236    .data               system_stm32f10x.o
    0x20000028   COMPRESSED   0x00000004   Data   RW         3272    .data               private_cfg.o
    0x2000002c   COMPRESSED   0x00000008   Data   RW         3337    .data               delay.o
    0x20000034   COMPRESSED   0x00000002   Data   RW         3369    .data               uart.o
    0x20000036   COMPRESSED   0x00000002   PAD
    0x20000038   COMPRESSED   0x00000190   Data   RW         3408    .data               tim.o
    0x200001c8        -       0x00000064   Zero   RW         3368    .bss                uart.o
    0x2000022c        -       0x00000060   Zero   RW         3777    .bss                c_w.l(libspace.o)
    0x2000028c   COMPRESSED   0x00000004   PAD
    0x20000290        -       0x00000200   Zero   RW           18    HEAP                startup_stm32f10x_md.o
    0x20000490        -       0x00000400   Zero   RW           17    STACK               startup_stm32f10x_md.o


==============================================================================

Image component sizes


      Code (inc. data)   RO Data    RW Data    ZI Data      Debug   Object Name

         0          0          0          0          0       4556   core_cm3.o
       136         12          0          8          0       1767   delay.o
        44          0          0          0          0        987   idog.o
        92         10          0          0          0        924   led.o
       284        106          0          0          0        555   main.o
       172         22          0          0          0     265545   misc.o
        32          4          0          4          0       2806   private_cfg.o
       320         10          0          0          0       2267   spi.o
        64         26        236          0       1536        788   startup_stm32f10x_md.o
       510         26          0          0          0       5580   stm32f10x_dma.o
       310          0          0          0          0       3616   stm32f10x_gpio.o
       170         12          0          0          0       5250   stm32f10x_it.o
        68         30          0          0          0       2390   stm32f10x_iwdg.o
       276         32          0         20          0       4357   stm32f10x_rcc.o
       112          0          0          0          0       3738   stm32f10x_spi.o
       470         62          0          0          0       6369   stm32f10x_tim.o
       462          6          0          0          0       6127   stm32f10x_usart.o
       492         50          0         20          0       2601   system_stm32f10x.o
       424         36          0        400          0       4314   tim.o
       328         34          0          2        100       2896   uart.o
       782         52          0          0          0       7942   wk2124.o

    ----------------------------------------------------------------------
      5568        530        268        456       1636     335375   Object Totals
         0          0         32          0          0          0   (incl. Generated)
        20          0          0          2          0          0   (incl. Padding)

    ----------------------------------------------------------------------

      Code (inc. data)   RO Data    RW Data    ZI Data      Debug   Library Member Name

        90          0          0          0          0          0   __dczerorl2.o
         8          0          0          0          0         68   __main.o
       104          0          0          0          0         84   __printf.o
         0          0          0          0          0          0   __rtentry.o
        12          0          0          0          0          0   __rtentry2.o
         6          0          0          0          0          0   __rtentry4.o
        52          8          0          0          0          0   __scatter.o
        28          0          0          0          0          0   __scatter_zi.o
        48          6          0          0          0         96   _printf_char_common.o
        36          4          0          0          0         80   _printf_char_file.o
         6          0          0          0          0          0   _printf_d.o
       120         16          0          0          0         92   _printf_dec.o
       178          0          0          0          0         88   _printf_intcommon.o
         0          0          0          0          0          0   _printf_percent.o
         4          0          0          0          0          0   _printf_percent_end.o
        18          0          0          0          0         80   exit.o
         8          0          0          0          0         68   ferror.o
         6          0          0          0          0        152   heapauxi.o
         2          0          0          0          0          0   libinit.o
         2          0          0          0          0          0   libinit2.o
         2          0          0          0          0          0   libshutdown.o
         2          0          0          0          0          0   libshutdown2.o
         8          4          0          0         96         68   libspace.o
        24          4          0          0          0         84   noretval__2printf.o
        78          0          0          0          0         80   rt_memclr_w.o
         2          0          0          0          0          0   rtexit.o
        10          0          0          0          0          0   rtexit2.o
        74          0          0          0          0         80   sys_stackheap_outer.o
         2          0          0          0          0         68   use_no_semi.o
         2          0          0          0          0         68   use_no_semi_2.o

    ----------------------------------------------------------------------
       936         42          0          0        100       1256   Library Totals
         4          0          0          0          4          0   (incl. Padding)

    ----------------------------------------------------------------------

      Code (inc. data)   RO Data    RW Data    ZI Data      Debug   Library Name

       932         42          0          0         96       1256   c_w.l

    ----------------------------------------------------------------------
       936         42          0          0        100       1256   Library Totals

    ----------------------------------------------------------------------

==============================================================================


      Code (inc. data)   RO Data    RW Data    ZI Data      Debug   

      6504        572        268        456       1736     331323   Grand Totals
      6504        572        268         56       1736     331323   ELF Image Totals (compressed)
      6504        572        268         56          0          0   ROM Totals

==============================================================================

    Total RO  Size (Code + RO Data)                 6772 (   6.61kB)
    Total RW  Size (RW Data + ZI Data)              2192 (   2.14kB)
    Total ROM Size (Code + RO Data + RW Data)       6828 (   6.67kB)

==============================================================================

